Job ID: 12957724
Job Name: dim_reduction_maximum
Node: tcn862
Start Time: Thu Jul  3 20:56:51 CEST 2025
Working Directory: /gpfs/home6/pvenema/ehrshot-benchmark/ehrshot/bash_scripts
Python version: Python 3.10.16
Conda environment: EHRSHOT_ENV
Available memory:                total        used        free      shared  buff/cache   available
Mem:           377Gi        24Gi       352Gi       273Mi       6.1Gi       352Gi
Swap:             0B          0B          0B
Available CPUs: 190
Maximum Performance Threading Configuration:
  CPUs allocated: 190
  Memory allocated: 327680MB
  OMP_NUM_THREADS: 190
  MKL_NUM_THREADS: 190
  SKLEARN_N_JOBS: 190
  Node: tcn862
Initial resource usage:
               total        used        free      shared  buff/cache   available
Mem:           377Gi        24Gi       352Gi       273Mi       6.1Gi       352Gi
Swap:             0B          0B          0B
top - 20:56:51 up 15 days, 23:52,  0 users,  load average: 83.19, 132.25, 142.37
Tasks: 1868 total,   1 running, 1867 sleeping,   0 stopped,   0 zombie
%Cpu(s):  0.0 us,  0.1 sy,  0.0 ni, 99.8 id,  0.0 wa,  0.0 hi,  0.0 si,  0.0 st
MiB Mem : 386603.1 total, 361262.0 free,  25264.4 used,   6292.1 buff/cache
MiB Swap:      0.0 total,      0.0 free,      0.0 used. 361338.7 avail Mem 

    PID USER      PR  NI    VIRT    RES    SHR S  %CPU  %MEM     TIME+ COMMAND
4080078 pvenema   20   0  237388   4608   3072 R  15.8   0.0   0:00.05 top
      1 root      20   0  171376   7680   7680 S   0.0   0.0  17:08.67 systemd
      2 root      20   0       0      0      0 S   0.0   0.0   0:08.77 kthreadd
      3 root       0 -20       0      0      0 I   0.0   0.0   0:00.00 rcu_gp
      4 root       0 -20       0      0      0 I   0.0   0.0   0:00.00 rcu_par+
      5 root       0 -20       0      0      0 I   0.0   0.0   0:00.00 slub_fl+
      6 root       0 -20       0      0      0 I   0.0   0.0   0:00.00 netns
      8 root       0 -20       0      0      0 I   0.0   0.0   0:00.00 kworker+
Starting MAXIMUM PERFORMANCE dimensionality reduction analysis...
🧬 Starting EHRSHOT Dimensionality Reduction Analysis
==================================================
Database: ../EHRSHOT_ASSETS/femr/extract
Labels:   ../EHRSHOT_ASSETS/benchmark
Features: ../EHRSHOT_ASSETS/features
Splits:   ../EHRSHOT_ASSETS/splits/person_id_map.csv
Output:   ../EHRSHOT_ASSETS/dimensionality_analysis

🚀 Running dimensionality reduction analysis...
UMAP(n_jobs=1, random_state=42, verbose=True)
Thu Jul  3 20:58:54 2025 Construct fuzzy simplicial set
Thu Jul  3 20:58:57 2025 Finding Nearest Neighbors
Thu Jul  3 20:59:04 2025 Finished Nearest Neighbor Search
Thu Jul  3 20:59:06 2025 Construct embedding
	completed  0  /  500 epochs
	completed  50  /  500 epochs
	completed  100  /  500 epochs
	completed  150  /  500 epochs
	completed  200  /  500 epochs
	completed  250  /  500 epochs
	completed  300  /  500 epochs
	completed  350  /  500 epochs
	completed  400  /  500 epochs
	completed  450  /  500 epochs
Thu Jul  3 20:59:10 2025 Finished embedding
	completed  0  /  100 epochs
	completed  10  /  100 epochs
	completed  20  /  100 epochs
	completed  30  /  100 epochs
	completed  40  /  100 epochs
	completed  50  /  100 epochs
	completed  60  /  100 epochs
	completed  70  /  100 epochs
	completed  80  /  100 epochs
	completed  90  /  100 epochs
	completed  0  /  100 epochs
	completed  10  /  100 epochs
	completed  20  /  100 epochs
	completed  30  /  100 epochs
	completed  40  /  100 epochs
	completed  50  /  100 epochs
	completed  60  /  100 epochs
	completed  70  /  100 epochs
	completed  80  /  100 epochs
	completed  90  /  100 epochs
UMAP(n_components=5, n_jobs=1, random_state=42, verbose=True)
Thu Jul  3 20:59:33 2025 Construct fuzzy simplicial set
Thu Jul  3 20:59:35 2025 Finding Nearest Neighbors
Thu Jul  3 20:59:36 2025 Finished Nearest Neighbor Search
Thu Jul  3 20:59:36 2025 Construct embedding
	completed  0  /  500 epochs
	completed  50  /  500 epochs
	completed  100  /  500 epochs
	completed  150  /  500 epochs
	completed  200  /  500 epochs
	completed  250  /  500 epochs
	completed  300  /  500 epochs
	completed  350  /  500 epochs
	completed  400  /  500 epochs
	completed  450  /  500 epochs
Thu Jul  3 20:59:40 2025 Finished embedding
	completed  0  /  100 epochs
	completed  10  /  100 epochs
	completed  20  /  100 epochs
	completed  30  /  100 epochs
	completed  40  /  100 epochs
	completed  50  /  100 epochs
	completed  60  /  100 epochs
	completed  70  /  100 epochs
	completed  80  /  100 epochs
	completed  90  /  100 epochs
	completed  0  /  100 epochs
	completed  10  /  100 epochs
	completed  20  /  100 epochs
	completed  30  /  100 epochs
	completed  40  /  100 epochs
	completed  50  /  100 epochs
	completed  60  /  100 epochs
	completed  70  /  100 epochs
	completed  80  /  100 epochs
	completed  90  /  100 epochs
UMAP(n_components=10, n_jobs=1, random_state=42, verbose=True)
Thu Jul  3 20:59:57 2025 Construct fuzzy simplicial set
Thu Jul  3 21:00:00 2025 Finding Nearest Neighbors
Thu Jul  3 21:00:00 2025 Finished Nearest Neighbor Search
Thu Jul  3 21:00:00 2025 Construct embedding
	completed  0  /  500 epochs
	completed  50  /  500 epochs
	completed  100  /  500 epochs
	completed  150  /  500 epochs
	completed  200  /  500 epochs
	completed  250  /  500 epochs
	completed  300  /  500 epochs
	completed  350  /  500 epochs
	completed  400  /  500 epochs
	completed  450  /  500 epochs
Thu Jul  3 21:00:05 2025 Finished embedding
	completed  0  /  100 epochs
	completed  10  /  100 epochs
	completed  20  /  100 epochs
	completed  30  /  100 epochs
	completed  40  /  100 epochs
	completed  50  /  100 epochs
	completed  60  /  100 epochs
	completed  70  /  100 epochs
	completed  80  /  100 epochs
	completed  90  /  100 epochs
	completed  0  /  100 epochs
	completed  10  /  100 epochs
	completed  20  /  100 epochs
	completed  30  /  100 epochs
	completed  40  /  100 epochs
	completed  50  /  100 epochs
	completed  60  /  100 epochs
	completed  70  /  100 epochs
	completed  80  /  100 epochs
	completed  90  /  100 epochs
UMAP(n_components=25, n_jobs=1, random_state=42, verbose=True)
Thu Jul  3 21:00:22 2025 Construct fuzzy simplicial set
Thu Jul  3 21:00:25 2025 Finding Nearest Neighbors
Thu Jul  3 21:00:25 2025 Finished Nearest Neighbor Search
Thu Jul  3 21:00:25 2025 Construct embedding
	completed  0  /  500 epochs
	completed  50  /  500 epochs
	completed  100  /  500 epochs
	completed  150  /  500 epochs
	completed  200  /  500 epochs
	completed  250  /  500 epochs
	completed  300  /  500 epochs
	completed  350  /  500 epochs
	completed  400  /  500 epochs
	completed  450  /  500 epochs
Thu Jul  3 21:00:31 2025 Finished embedding
	completed  0  /  100 epochs
	completed  10  /  100 epochs
	completed  20  /  100 epochs
	completed  30  /  100 epochs
	completed  40  /  100 epochs
	completed  50  /  100 epochs
	completed  60  /  100 epochs
	completed  70  /  100 epochs
	completed  80  /  100 epochs
	completed  90  /  100 epochs
	completed  0  /  100 epochs
	completed  10  /  100 epochs
	completed  20  /  100 epochs
	completed  30  /  100 epochs
	completed  40  /  100 epochs
	completed  50  /  100 epochs
	completed  60  /  100 epochs
	completed  70  /  100 epochs
	completed  80  /  100 epochs
	completed  90  /  100 epochs
UMAP(n_components=50, n_jobs=1, random_state=42, verbose=True)
Thu Jul  3 21:00:50 2025 Construct fuzzy simplicial set
Thu Jul  3 21:00:53 2025 Finding Nearest Neighbors
Thu Jul  3 21:00:54 2025 Finished Nearest Neighbor Search
Thu Jul  3 21:00:54 2025 Construct embedding
	completed  0  /  500 epochs
	completed  50  /  500 epochs
	completed  100  /  500 epochs
	completed  150  /  500 epochs
	completed  200  /  500 epochs
	completed  250  /  500 epochs
	completed  300  /  500 epochs
	completed  350  /  500 epochs
	completed  400  /  500 epochs
	completed  450  /  500 epochs
Thu Jul  3 21:01:00 2025 Finished embedding
	completed  0  /  100 epochs
	completed  10  /  100 epochs
	completed  20  /  100 epochs
	completed  30  /  100 epochs
	completed  40  /  100 epochs
	completed  50  /  100 epochs
	completed  60  /  100 epochs
	completed  70  /  100 epochs
	completed  80  /  100 epochs
	completed  90  /  100 epochs
	completed  0  /  100 epochs
	completed  10  /  100 epochs
	completed  20  /  100 epochs
	completed  30  /  100 epochs
	completed  40  /  100 epochs
	completed  50  /  100 epochs
	completed  60  /  100 epochs
	completed  70  /  100 epochs
	completed  80  /  100 epochs
	completed  90  /  100 epochs
UMAP(n_components=100, n_jobs=1, random_state=42, verbose=True)
Thu Jul  3 21:01:20 2025 Construct fuzzy simplicial set
Thu Jul  3 21:01:22 2025 Finding Nearest Neighbors
Thu Jul  3 21:01:23 2025 Finished Nearest Neighbor Search
Thu Jul  3 21:01:23 2025 Construct embedding
	completed  0  /  500 epochs
	completed  50  /  500 epochs
	completed  100  /  500 epochs
	completed  150  /  500 epochs
	completed  200  /  500 epochs
	completed  250  /  500 epochs
	completed  300  /  500 epochs
	completed  350  /  500 epochs
	completed  400  /  500 epochs
	completed  450  /  500 epochs
Thu Jul  3 21:01:31 2025 Finished embedding
	completed  0  /  100 epochs
	completed  10  /  100 epochs
	completed  20  /  100 epochs
	completed  30  /  100 epochs
	completed  40  /  100 epochs
	completed  50  /  100 epochs
	completed  60  /  100 epochs
	completed  70  /  100 epochs
	completed  80  /  100 epochs
	completed  90  /  100 epochs
	completed  0  /  100 epochs
	completed  10  /  100 epochs
	completed  20  /  100 epochs
	completed  30  /  100 epochs
	completed  40  /  100 epochs
	completed  50  /  100 epochs
	completed  60  /  100 epochs
	completed  70  /  100 epochs
	completed  80  /  100 epochs
	completed  90  /  100 epochs
UMAP(n_components=200, n_jobs=1, random_state=42, verbose=True)
Thu Jul  3 21:01:52 2025 Construct fuzzy simplicial set
Thu Jul  3 21:01:54 2025 Finding Nearest Neighbors
Thu Jul  3 21:01:55 2025 Finished Nearest Neighbor Search
Thu Jul  3 21:01:55 2025 Construct embedding
	completed  0  /  500 epochs
	completed  50  /  500 epochs
	completed  100  /  500 epochs
	completed  150  /  500 epochs
	completed  200  /  500 epochs
	completed  250  /  500 epochs
	completed  300  /  500 epochs
	completed  350  /  500 epochs
	completed  400  /  500 epochs
	completed  450  /  500 epochs
Thu Jul  3 21:02:06 2025 Finished embedding
	completed  0  /  100 epochs
	completed  10  /  100 epochs
	completed  20  /  100 epochs
	completed  30  /  100 epochs
	completed  40  /  100 epochs
	completed  50  /  100 epochs
	completed  60  /  100 epochs
	completed  70  /  100 epochs
	completed  80  /  100 epochs
	completed  90  /  100 epochs
	completed  0  /  100 epochs
	completed  10  /  100 epochs
	completed  20  /  100 epochs
	completed  30  /  100 epochs
	completed  40  /  100 epochs
	completed  50  /  100 epochs
	completed  60  /  100 epochs
	completed  70  /  100 epochs
	completed  80  /  100 epochs
	completed  90  /  100 epochs
UMAP(n_components=400, n_jobs=1, random_state=42, verbose=True)
Thu Jul  3 21:02:28 2025 Construct fuzzy simplicial set
Thu Jul  3 21:02:30 2025 Finding Nearest Neighbors
Thu Jul  3 21:02:31 2025 Finished Nearest Neighbor Search
Thu Jul  3 21:02:31 2025 Construct embedding
	completed  0  /  500 epochs
	completed  50  /  500 epochs
	completed  100  /  500 epochs
	completed  150  /  500 epochs
	completed  200  /  500 epochs
	completed  250  /  500 epochs
	completed  300  /  500 epochs
	completed  350  /  500 epochs
	completed  400  /  500 epochs
	completed  450  /  500 epochs
Thu Jul  3 21:02:50 2025 Finished embedding
	completed  0  /  100 epochs
	completed  10  /  100 epochs
	completed  20  /  100 epochs
	completed  30  /  100 epochs
	completed  40  /  100 epochs
	completed  50  /  100 epochs
	completed  60  /  100 epochs
	completed  70  /  100 epochs
	completed  80  /  100 epochs
	completed  90  /  100 epochs
	completed  0  /  100 epochs
	completed  10  /  100 epochs
	completed  20  /  100 epochs
	completed  30  /  100 epochs
	completed  40  /  100 epochs
	completed  50  /  100 epochs
	completed  60  /  100 epochs
	completed  70  /  100 epochs
	completed  80  /  100 epochs
	completed  90  /  100 epochs
UMAP(n_jobs=1, random_state=42, verbose=True)
Thu Jul  3 21:03:36 2025 Construct fuzzy simplicial set
Thu Jul  3 21:03:39 2025 Finding Nearest Neighbors
Thu Jul  3 21:03:40 2025 Finished Nearest Neighbor Search
Thu Jul  3 21:03:40 2025 Construct embedding
	completed  0  /  500 epochs
	completed  50  /  500 epochs
	completed  100  /  500 epochs
	completed  150  /  500 epochs
	completed  200  /  500 epochs
	completed  250  /  500 epochs
	completed  300  /  500 epochs
	completed  350  /  500 epochs
	completed  400  /  500 epochs
	completed  450  /  500 epochs
Thu Jul  3 21:03:43 2025 Finished embedding
	completed  0  /  100 epochs
	completed  10  /  100 epochs
	completed  20  /  100 epochs
	completed  30  /  100 epochs
	completed  40  /  100 epochs
	completed  50  /  100 epochs
	completed  60  /  100 epochs
	completed  70  /  100 epochs
	completed  80  /  100 epochs
	completed  90  /  100 epochs
	completed  0  /  100 epochs
	completed  10  /  100 epochs
	completed  20  /  100 epochs
	completed  30  /  100 epochs
	completed  40  /  100 epochs
	completed  50  /  100 epochs
	completed  60  /  100 epochs
	completed  70  /  100 epochs
	completed  80  /  100 epochs
	completed  90  /  100 epochs
UMAP(n_components=5, n_jobs=1, random_state=42, verbose=True)
Thu Jul  3 21:03:55 2025 Construct fuzzy simplicial set
Thu Jul  3 21:03:58 2025 Finding Nearest Neighbors
Thu Jul  3 21:03:59 2025 Finished Nearest Neighbor Search
Thu Jul  3 21:03:59 2025 Construct embedding
	completed  0  /  500 epochs
	completed  50  /  500 epochs
	completed  100  /  500 epochs
	completed  150  /  500 epochs
	completed  200  /  500 epochs
	completed  250  /  500 epochs
	completed  300  /  500 epochs
	completed  350  /  500 epochs
	completed  400  /  500 epochs
	completed  450  /  500 epochs
Thu Jul  3 21:04:03 2025 Finished embedding
	completed  0  /  100 epochs
	completed  10  /  100 epochs
	completed  20  /  100 epochs
	completed  30  /  100 epochs
	completed  40  /  100 epochs
	completed  50  /  100 epochs
	completed  60  /  100 epochs
	completed  70  /  100 epochs
	completed  80  /  100 epochs
	completed  90  /  100 epochs
	completed  0  /  100 epochs
	completed  10  /  100 epochs
	completed  20  /  100 epochs
	completed  30  /  100 epochs
	completed  40  /  100 epochs
	completed  50  /  100 epochs
	completed  60  /  100 epochs
	completed  70  /  100 epochs
	completed  80  /  100 epochs
	completed  90  /  100 epochs
UMAP(n_components=10, n_jobs=1, random_state=42, verbose=True)
Thu Jul  3 21:04:15 2025 Construct fuzzy simplicial set
Thu Jul  3 21:04:18 2025 Finding Nearest Neighbors
Thu Jul  3 21:04:19 2025 Finished Nearest Neighbor Search
Thu Jul  3 21:04:19 2025 Construct embedding
	completed  0  /  500 epochs
	completed  50  /  500 epochs
	completed  100  /  500 epochs
	completed  150  /  500 epochs
	completed  200  /  500 epochs
	completed  250  /  500 epochs
	completed  300  /  500 epochs
	completed  350  /  500 epochs
	completed  400  /  500 epochs
	completed  450  /  500 epochs
Thu Jul  3 21:04:23 2025 Finished embedding
	completed  0  /  100 epochs
	completed  10  /  100 epochs
	completed  20  /  100 epochs
	completed  30  /  100 epochs
	completed  40  /  100 epochs
	completed  50  /  100 epochs
	completed  60  /  100 epochs
	completed  70  /  100 epochs
	completed  80  /  100 epochs
	completed  90  /  100 epochs
	completed  0  /  100 epochs
	completed  10  /  100 epochs
	completed  20  /  100 epochs
	completed  30  /  100 epochs
	completed  40  /  100 epochs
	completed  50  /  100 epochs
	completed  60  /  100 epochs
	completed  70  /  100 epochs
	completed  80  /  100 epochs
	completed  90  /  100 epochs
UMAP(n_components=25, n_jobs=1, random_state=42, verbose=True)
Thu Jul  3 21:04:36 2025 Construct fuzzy simplicial set
Thu Jul  3 21:04:39 2025 Finding Nearest Neighbors
Thu Jul  3 21:04:39 2025 Finished Nearest Neighbor Search
Thu Jul  3 21:04:39 2025 Construct embedding
	completed  0  /  500 epochs
	completed  50  /  500 epochs
	completed  100  /  500 epochs
	completed  150  /  500 epochs
	completed  200  /  500 epochs
	completed  250  /  500 epochs
	completed  300  /  500 epochs
	completed  350  /  500 epochs
	completed  400  /  500 epochs
	completed  450  /  500 epochs
Thu Jul  3 21:04:45 2025 Finished embedding
	completed  0  /  100 epochs
	completed  10  /  100 epochs
	completed  20  /  100 epochs
	completed  30  /  100 epochs
	completed  40  /  100 epochs
	completed  50  /  100 epochs
	completed  60  /  100 epochs
	completed  70  /  100 epochs
	completed  80  /  100 epochs
	completed  90  /  100 epochs
	completed  0  /  100 epochs
	completed  10  /  100 epochs
	completed  20  /  100 epochs
	completed  30  /  100 epochs
	completed  40  /  100 epochs
	completed  50  /  100 epochs
	completed  60  /  100 epochs
	completed  70  /  100 epochs
	completed  80  /  100 epochs
	completed  90  /  100 epochs
UMAP(n_components=50, n_jobs=1, random_state=42, verbose=True)
Thu Jul  3 21:05:00 2025 Construct fuzzy simplicial set
Thu Jul  3 21:05:02 2025 Finding Nearest Neighbors
Thu Jul  3 21:05:03 2025 Finished Nearest Neighbor Search
Thu Jul  3 21:05:03 2025 Construct embedding
	completed  0  /  500 epochs
	completed  50  /  500 epochs
	completed  100  /  500 epochs
	completed  150  /  500 epochs
	completed  200  /  500 epochs
	completed  250  /  500 epochs
	completed  300  /  500 epochs
	completed  350  /  500 epochs
	completed  400  /  500 epochs
	completed  450  /  500 epochs
Thu Jul  3 21:05:10 2025 Finished embedding
	completed  0  /  100 epochs
	completed  10  /  100 epochs
	completed  20  /  100 epochs
	completed  30  /  100 epochs
	completed  40  /  100 epochs
	completed  50  /  100 epochs
	completed  60  /  100 epochs
	completed  70  /  100 epochs
	completed  80  /  100 epochs
	completed  90  /  100 epochs
	completed  0  /  100 epochs
	completed  10  /  100 epochs
	completed  20  /  100 epochs
	completed  30  /  100 epochs
	completed  40  /  100 epochs
	completed  50  /  100 epochs
	completed  60  /  100 epochs
	completed  70  /  100 epochs
	completed  80  /  100 epochs
	completed  90  /  100 epochs
UMAP(n_components=100, n_jobs=1, random_state=42, verbose=True)
Thu Jul  3 21:05:28 2025 Construct fuzzy simplicial set
Thu Jul  3 21:05:31 2025 Finding Nearest Neighbors
Thu Jul  3 21:05:31 2025 Finished Nearest Neighbor Search
Thu Jul  3 21:05:31 2025 Construct embedding
	completed  0  /  500 epochs
	completed  50  /  500 epochs
	completed  100  /  500 epochs
	completed  150  /  500 epochs
	completed  200  /  500 epochs
	completed  250  /  500 epochs
	completed  300  /  500 epochs
	completed  350  /  500 epochs
	completed  400  /  500 epochs
	completed  450  /  500 epochs
Thu Jul  3 21:05:40 2025 Finished embedding
	completed  0  /  100 epochs
	completed  10  /  100 epochs
	completed  20  /  100 epochs
	completed  30  /  100 epochs
	completed  40  /  100 epochs
	completed  50  /  100 epochs
	completed  60  /  100 epochs
	completed  70  /  100 epochs
	completed  80  /  100 epochs
	completed  90  /  100 epochs
	completed  0  /  100 epochs
	completed  10  /  100 epochs
	completed  20  /  100 epochs
	completed  30  /  100 epochs
	completed  40  /  100 epochs
	completed  50  /  100 epochs
	completed  60  /  100 epochs
	completed  70  /  100 epochs
	completed  80  /  100 epochs
	completed  90  /  100 epochs
UMAP(n_components=200, n_jobs=1, random_state=42, verbose=True)
Thu Jul  3 21:05:59 2025 Construct fuzzy simplicial set
Thu Jul  3 21:06:02 2025 Finding Nearest Neighbors
Thu Jul  3 21:06:02 2025 Finished Nearest Neighbor Search
Thu Jul  3 21:06:02 2025 Construct embedding
	completed  0  /  500 epochs
	completed  50  /  500 epochs
	completed  100  /  500 epochs
	completed  150  /  500 epochs
	completed  200  /  500 epochs
	completed  250  /  500 epochs
	completed  300  /  500 epochs
	completed  350  /  500 epochs
	completed  400  /  500 epochs
	completed  450  /  500 epochs
Thu Jul  3 21:06:14 2025 Finished embedding
	completed  0  /  100 epochs
	completed  10  /  100 epochs
	completed  20  /  100 epochs
	completed  30  /  100 epochs
	completed  40  /  100 epochs
	completed  50  /  100 epochs
	completed  60  /  100 epochs
	completed  70  /  100 epochs
	completed  80  /  100 epochs
	completed  90  /  100 epochs
	completed  0  /  100 epochs
	completed  10  /  100 epochs
	completed  20  /  100 epochs
	completed  30  /  100 epochs
	completed  40  /  100 epochs
	completed  50  /  100 epochs
	completed  60  /  100 epochs
	completed  70  /  100 epochs
	completed  80  /  100 epochs
	completed  90  /  100 epochs
UMAP(n_components=400, n_jobs=1, random_state=42, verbose=True)
Thu Jul  3 21:06:32 2025 Construct fuzzy simplicial set
Thu Jul  3 21:06:35 2025 Finding Nearest Neighbors
Thu Jul  3 21:06:35 2025 Finished Nearest Neighbor Search
Thu Jul  3 21:06:35 2025 Construct embedding
	completed  0  /  500 epochs
	completed  50  /  500 epochs
	completed  100  /  500 epochs
	completed  150  /  500 epochs
	completed  200  /  500 epochs
	completed  250  /  500 epochs
	completed  300  /  500 epochs
	completed  350  /  500 epochs
	completed  400  /  500 epochs
	completed  450  /  500 epochs
Thu Jul  3 21:06:56 2025 Finished embedding
	completed  0  /  100 epochs
	completed  10  /  100 epochs
	completed  20  /  100 epochs
	completed  30  /  100 epochs
	completed  40  /  100 epochs
	completed  50  /  100 epochs
	completed  60  /  100 epochs
	completed  70  /  100 epochs
	completed  80  /  100 epochs
	completed  90  /  100 epochs
	completed  0  /  100 epochs
	completed  10  /  100 epochs
	completed  20  /  100 epochs
	completed  30  /  100 epochs
	completed  40  /  100 epochs
	completed  50  /  100 epochs
	completed  60  /  100 epochs
	completed  70  /  100 epochs
	completed  80  /  100 epochs
	completed  90  /  100 epochs
UMAP(n_jobs=1, random_state=42, verbose=True)
Thu Jul  3 21:07:57 2025 Construct fuzzy simplicial set
Thu Jul  3 21:08:00 2025 Finding Nearest Neighbors
Thu Jul  3 21:08:01 2025 Finished Nearest Neighbor Search
Thu Jul  3 21:08:01 2025 Construct embedding
	completed  0  /  500 epochs
	completed  50  /  500 epochs
	completed  100  /  500 epochs
	completed  150  /  500 epochs
	completed  200  /  500 epochs
	completed  250  /  500 epochs
	completed  300  /  500 epochs
	completed  350  /  500 epochs
	completed  400  /  500 epochs
	completed  450  /  500 epochs
Thu Jul  3 21:08:04 2025 Finished embedding
	completed  0  /  100 epochs
	completed  10  /  100 epochs
	completed  20  /  100 epochs
	completed  30  /  100 epochs
	completed  40  /  100 epochs
	completed  50  /  100 epochs
	completed  60  /  100 epochs
	completed  70  /  100 epochs
	completed  80  /  100 epochs
	completed  90  /  100 epochs
	completed  0  /  100 epochs
	completed  10  /  100 epochs
	completed  20  /  100 epochs
	completed  30  /  100 epochs
	completed  40  /  100 epochs
	completed  50  /  100 epochs
	completed  60  /  100 epochs
	completed  70  /  100 epochs
	completed  80  /  100 epochs
	completed  90  /  100 epochs
UMAP(n_components=5, n_jobs=1, random_state=42, verbose=True)
Thu Jul  3 21:08:17 2025 Construct fuzzy simplicial set
Thu Jul  3 21:08:19 2025 Finding Nearest Neighbors
Thu Jul  3 21:08:20 2025 Finished Nearest Neighbor Search
Thu Jul  3 21:08:20 2025 Construct embedding
	completed  0  /  500 epochs
	completed  50  /  500 epochs
	completed  100  /  500 epochs
	completed  150  /  500 epochs
	completed  200  /  500 epochs
	completed  250  /  500 epochs
	completed  300  /  500 epochs
	completed  350  /  500 epochs
	completed  400  /  500 epochs
	completed  450  /  500 epochs
Thu Jul  3 21:08:24 2025 Finished embedding
	completed  0  /  100 epochs
	completed  10  /  100 epochs
	completed  20  /  100 epochs
	completed  30  /  100 epochs
	completed  40  /  100 epochs
	completed  50  /  100 epochs
	completed  60  /  100 epochs
	completed  70  /  100 epochs
	completed  80  /  100 epochs
	completed  90  /  100 epochs
	completed  0  /  100 epochs
	completed  10  /  100 epochs
	completed  20  /  100 epochs
	completed  30  /  100 epochs
	completed  40  /  100 epochs
	completed  50  /  100 epochs
	completed  60  /  100 epochs
	completed  70  /  100 epochs
	completed  80  /  100 epochs
	completed  90  /  100 epochs
UMAP(n_components=10, n_jobs=1, random_state=42, verbose=True)
Thu Jul  3 21:08:36 2025 Construct fuzzy simplicial set
Thu Jul  3 21:08:39 2025 Finding Nearest Neighbors
Thu Jul  3 21:08:40 2025 Finished Nearest Neighbor Search
Thu Jul  3 21:08:40 2025 Construct embedding
	completed  0  /  500 epochs
	completed  50  /  500 epochs
	completed  100  /  500 epochs
	completed  150  /  500 epochs
	completed  200  /  500 epochs
	completed  250  /  500 epochs
	completed  300  /  500 epochs
	completed  350  /  500 epochs
	completed  400  /  500 epochs
	completed  450  /  500 epochs
Thu Jul  3 21:08:45 2025 Finished embedding
	completed  0  /  100 epochs
	completed  10  /  100 epochs
	completed  20  /  100 epochs
	completed  30  /  100 epochs
	completed  40  /  100 epochs
	completed  50  /  100 epochs
	completed  60  /  100 epochs
	completed  70  /  100 epochs
	completed  80  /  100 epochs
	completed  90  /  100 epochs
	completed  0  /  100 epochs
	completed  10  /  100 epochs
	completed  20  /  100 epochs
	completed  30  /  100 epochs
	completed  40  /  100 epochs
	completed  50  /  100 epochs
	completed  60  /  100 epochs
	completed  70  /  100 epochs
	completed  80  /  100 epochs
	completed  90  /  100 epochs
UMAP(n_components=25, n_jobs=1, random_state=42, verbose=True)
Thu Jul  3 21:08:58 2025 Construct fuzzy simplicial set
Thu Jul  3 21:09:01 2025 Finding Nearest Neighbors
Thu Jul  3 21:09:01 2025 Finished Nearest Neighbor Search
Thu Jul  3 21:09:01 2025 Construct embedding
	completed  0  /  500 epochs
	completed  50  /  500 epochs
	completed  100  /  500 epochs
	completed  150  /  500 epochs
	completed  200  /  500 epochs
	completed  250  /  500 epochs
	completed  300  /  500 epochs
	completed  350  /  500 epochs
	completed  400  /  500 epochs
	completed  450  /  500 epochs
Thu Jul  3 21:09:07 2025 Finished embedding
	completed  0  /  100 epochs
	completed  10  /  100 epochs
	completed  20  /  100 epochs
	completed  30  /  100 epochs
	completed  40  /  100 epochs
	completed  50  /  100 epochs
	completed  60  /  100 epochs
	completed  70  /  100 epochs
	completed  80  /  100 epochs
	completed  90  /  100 epochs
	completed  0  /  100 epochs
	completed  10  /  100 epochs
	completed  20  /  100 epochs
	completed  30  /  100 epochs
	completed  40  /  100 epochs
	completed  50  /  100 epochs
	completed  60  /  100 epochs
	completed  70  /  100 epochs
	completed  80  /  100 epochs
	completed  90  /  100 epochs
UMAP(n_components=50, n_jobs=1, random_state=42, verbose=True)
Thu Jul  3 21:09:22 2025 Construct fuzzy simplicial set
Thu Jul  3 21:09:25 2025 Finding Nearest Neighbors
Thu Jul  3 21:09:25 2025 Finished Nearest Neighbor Search
Thu Jul  3 21:09:25 2025 Construct embedding
	completed  0  /  500 epochs
	completed  50  /  500 epochs
	completed  100  /  500 epochs
	completed  150  /  500 epochs
	completed  200  /  500 epochs
	completed  250  /  500 epochs
	completed  300  /  500 epochs
	completed  350  /  500 epochs
	completed  400  /  500 epochs
	completed  450  /  500 epochs
Thu Jul  3 21:09:32 2025 Finished embedding
	completed  0  /  100 epochs
	completed  10  /  100 epochs
	completed  20  /  100 epochs
	completed  30  /  100 epochs
	completed  40  /  100 epochs
	completed  50  /  100 epochs
	completed  60  /  100 epochs
	completed  70  /  100 epochs
	completed  80  /  100 epochs
	completed  90  /  100 epochs
	completed  0  /  100 epochs
	completed  10  /  100 epochs
	completed  20  /  100 epochs
	completed  30  /  100 epochs
	completed  40  /  100 epochs
	completed  50  /  100 epochs
	completed  60  /  100 epochs
	completed  70  /  100 epochs
	completed  80  /  100 epochs
	completed  90  /  100 epochs
UMAP(n_components=100, n_jobs=1, random_state=42, verbose=True)
Thu Jul  3 21:09:47 2025 Construct fuzzy simplicial set
Thu Jul  3 21:09:50 2025 Finding Nearest Neighbors
Thu Jul  3 21:09:50 2025 Finished Nearest Neighbor Search
Thu Jul  3 21:09:51 2025 Construct embedding
	completed  0  /  500 epochs
	completed  50  /  500 epochs
	completed  100  /  500 epochs
	completed  150  /  500 epochs
	completed  200  /  500 epochs
	completed  250  /  500 epochs
	completed  300  /  500 epochs
	completed  350  /  500 epochs
	completed  400  /  500 epochs
	completed  450  /  500 epochs
Thu Jul  3 21:09:59 2025 Finished embedding
	completed  0  /  100 epochs
	completed  10  /  100 epochs
	completed  20  /  100 epochs
	completed  30  /  100 epochs
	completed  40  /  100 epochs
	completed  50  /  100 epochs
	completed  60  /  100 epochs
	completed  70  /  100 epochs
	completed  80  /  100 epochs
	completed  90  /  100 epochs
	completed  0  /  100 epochs
	completed  10  /  100 epochs
	completed  20  /  100 epochs
	completed  30  /  100 epochs
	completed  40  /  100 epochs
	completed  50  /  100 epochs
	completed  60  /  100 epochs
	completed  70  /  100 epochs
	completed  80  /  100 epochs
	completed  90  /  100 epochs
UMAP(n_components=200, n_jobs=1, random_state=42, verbose=True)
Thu Jul  3 21:10:15 2025 Construct fuzzy simplicial set
Thu Jul  3 21:10:17 2025 Finding Nearest Neighbors
Thu Jul  3 21:10:18 2025 Finished Nearest Neighbor Search
Thu Jul  3 21:10:18 2025 Construct embedding
	completed  0  /  500 epochs
	completed  50  /  500 epochs
	completed  100  /  500 epochs
	completed  150  /  500 epochs
	completed  200  /  500 epochs
	completed  250  /  500 epochs
	completed  300  /  500 epochs
	completed  350  /  500 epochs
	completed  400  /  500 epochs
	completed  450  /  500 epochs
Thu Jul  3 21:10:30 2025 Finished embedding
	completed  0  /  100 epochs
	completed  10  /  100 epochs
	completed  20  /  100 epochs
	completed  30  /  100 epochs
	completed  40  /  100 epochs
	completed  50  /  100 epochs
	completed  60  /  100 epochs
	completed  70  /  100 epochs
	completed  80  /  100 epochs
	completed  90  /  100 epochs
	completed  0  /  100 epochs
	completed  10  /  100 epochs
	completed  20  /  100 epochs
	completed  30  /  100 epochs
	completed  40  /  100 epochs
	completed  50  /  100 epochs
	completed  60  /  100 epochs
	completed  70  /  100 epochs
	completed  80  /  100 epochs
	completed  90  /  100 epochs
UMAP(n_components=400, n_jobs=1, random_state=42, verbose=True)
Thu Jul  3 21:10:47 2025 Construct fuzzy simplicial set
Thu Jul  3 21:10:50 2025 Finding Nearest Neighbors
Thu Jul  3 21:10:50 2025 Finished Nearest Neighbor Search
Thu Jul  3 21:10:51 2025 Construct embedding
	completed  0  /  500 epochs
	completed  50  /  500 epochs
	completed  100  /  500 epochs
	completed  150  /  500 epochs
	completed  200  /  500 epochs
	completed  250  /  500 epochs
	completed  300  /  500 epochs
	completed  350  /  500 epochs
	completed  400  /  500 epochs
	completed  450  /  500 epochs
Thu Jul  3 21:11:11 2025 Finished embedding
	completed  0  /  100 epochs
	completed  10  /  100 epochs
	completed  20  /  100 epochs
	completed  30  /  100 epochs
	completed  40  /  100 epochs
	completed  50  /  100 epochs
	completed  60  /  100 epochs
	completed  70  /  100 epochs
	completed  80  /  100 epochs
	completed  90  /  100 epochs
	completed  0  /  100 epochs
	completed  10  /  100 epochs
	completed  20  /  100 epochs
	completed  30  /  100 epochs
	completed  40  /  100 epochs
	completed  50  /  100 epochs
	completed  60  /  100 epochs
	completed  70  /  100 epochs
	completed  80  /  100 epochs
	completed  90  /  100 epochs
UMAP(n_jobs=1, random_state=42, verbose=True)
Thu Jul  3 21:11:48 2025 Construct fuzzy simplicial set
Thu Jul  3 21:11:51 2025 Finding Nearest Neighbors
Thu Jul  3 21:11:52 2025 Finished Nearest Neighbor Search
Thu Jul  3 21:11:52 2025 Construct embedding
	completed  0  /  500 epochs
	completed  50  /  500 epochs
	completed  100  /  500 epochs
	completed  150  /  500 epochs
	completed  200  /  500 epochs
	completed  250  /  500 epochs
	completed  300  /  500 epochs
	completed  350  /  500 epochs
	completed  400  /  500 epochs
	completed  450  /  500 epochs
Thu Jul  3 21:11:55 2025 Finished embedding
	completed  0  /  100 epochs
	completed  10  /  100 epochs
	completed  20  /  100 epochs
	completed  30  /  100 epochs
	completed  40  /  100 epochs
	completed  50  /  100 epochs
	completed  60  /  100 epochs
	completed  70  /  100 epochs
	completed  80  /  100 epochs
	completed  90  /  100 epochs
	completed  0  /  100 epochs
	completed  10  /  100 epochs
	completed  20  /  100 epochs
	completed  30  /  100 epochs
	completed  40  /  100 epochs
	completed  50  /  100 epochs
	completed  60  /  100 epochs
	completed  70  /  100 epochs
	completed  80  /  100 epochs
	completed  90  /  100 epochs
UMAP(n_components=5, n_jobs=1, random_state=42, verbose=True)
Thu Jul  3 21:12:07 2025 Construct fuzzy simplicial set
Thu Jul  3 21:12:10 2025 Finding Nearest Neighbors
Thu Jul  3 21:12:11 2025 Finished Nearest Neighbor Search
Thu Jul  3 21:12:11 2025 Construct embedding
	completed  0  /  500 epochs
	completed  50  /  500 epochs
	completed  100  /  500 epochs
	completed  150  /  500 epochs
	completed  200  /  500 epochs
	completed  250  /  500 epochs
	completed  300  /  500 epochs
	completed  350  /  500 epochs
	completed  400  /  500 epochs
	completed  450  /  500 epochs
Thu Jul  3 21:12:15 2025 Finished embedding
	completed  0  /  100 epochs
	completed  10  /  100 epochs
	completed  20  /  100 epochs
	completed  30  /  100 epochs
	completed  40  /  100 epochs
	completed  50  /  100 epochs
	completed  60  /  100 epochs
	completed  70  /  100 epochs
	completed  80  /  100 epochs
	completed  90  /  100 epochs
	completed  0  /  100 epochs
	completed  10  /  100 epochs
	completed  20  /  100 epochs
	completed  30  /  100 epochs
	completed  40  /  100 epochs
	completed  50  /  100 epochs
	completed  60  /  100 epochs
	completed  70  /  100 epochs
	completed  80  /  100 epochs
	completed  90  /  100 epochs
UMAP(n_components=10, n_jobs=1, random_state=42, verbose=True)
Thu Jul  3 21:12:27 2025 Construct fuzzy simplicial set
Thu Jul  3 21:12:30 2025 Finding Nearest Neighbors
Thu Jul  3 21:12:31 2025 Finished Nearest Neighbor Search
Thu Jul  3 21:12:31 2025 Construct embedding
	completed  0  /  500 epochs
	completed  50  /  500 epochs
	completed  100  /  500 epochs
	completed  150  /  500 epochs
	completed  200  /  500 epochs
	completed  250  /  500 epochs
	completed  300  /  500 epochs
	completed  350  /  500 epochs
	completed  400  /  500 epochs
	completed  450  /  500 epochs
Thu Jul  3 21:12:35 2025 Finished embedding
	completed  0  /  100 epochs
	completed  10  /  100 epochs
	completed  20  /  100 epochs
	completed  30  /  100 epochs
	completed  40  /  100 epochs
	completed  50  /  100 epochs
	completed  60  /  100 epochs
	completed  70  /  100 epochs
	completed  80  /  100 epochs
	completed  90  /  100 epochs
	completed  0  /  100 epochs
	completed  10  /  100 epochs
	completed  20  /  100 epochs
	completed  30  /  100 epochs
	completed  40  /  100 epochs
	completed  50  /  100 epochs
	completed  60  /  100 epochs
	completed  70  /  100 epochs
	completed  80  /  100 epochs
	completed  90  /  100 epochs
UMAP(n_components=25, n_jobs=1, random_state=42, verbose=True)
Thu Jul  3 21:12:49 2025 Construct fuzzy simplicial set
Thu Jul  3 21:12:51 2025 Finding Nearest Neighbors
Thu Jul  3 21:12:52 2025 Finished Nearest Neighbor Search
Thu Jul  3 21:12:52 2025 Construct embedding
	completed  0  /  500 epochs
	completed  50  /  500 epochs
	completed  100  /  500 epochs
	completed  150  /  500 epochs
	completed  200  /  500 epochs
	completed  250  /  500 epochs
	completed  300  /  500 epochs
	completed  350  /  500 epochs
	completed  400  /  500 epochs
	completed  450  /  500 epochs
Thu Jul  3 21:12:58 2025 Finished embedding
	completed  0  /  100 epochs
	completed  10  /  100 epochs
	completed  20  /  100 epochs
	completed  30  /  100 epochs
	completed  40  /  100 epochs
	completed  50  /  100 epochs
	completed  60  /  100 epochs
	completed  70  /  100 epochs
	completed  80  /  100 epochs
	completed  90  /  100 epochs
	completed  0  /  100 epochs
	completed  10  /  100 epochs
	completed  20  /  100 epochs
	completed  30  /  100 epochs
	completed  40  /  100 epochs
	completed  50  /  100 epochs
	completed  60  /  100 epochs
	completed  70  /  100 epochs
	completed  80  /  100 epochs
	completed  90  /  100 epochs
UMAP(n_components=50, n_jobs=1, random_state=42, verbose=True)
Thu Jul  3 21:13:13 2025 Construct fuzzy simplicial set
Thu Jul  3 21:13:16 2025 Finding Nearest Neighbors
Thu Jul  3 21:13:16 2025 Finished Nearest Neighbor Search
Thu Jul  3 21:13:16 2025 Construct embedding
	completed  0  /  500 epochs
	completed  50  /  500 epochs
	completed  100  /  500 epochs
	completed  150  /  500 epochs
	completed  200  /  500 epochs
	completed  250  /  500 epochs
	completed  300  /  500 epochs
	completed  350  /  500 epochs
	completed  400  /  500 epochs
	completed  450  /  500 epochs
Thu Jul  3 21:13:23 2025 Finished embedding
	completed  0  /  100 epochs
	completed  10  /  100 epochs
	completed  20  /  100 epochs
	completed  30  /  100 epochs
	completed  40  /  100 epochs
	completed  50  /  100 epochs
	completed  60  /  100 epochs
	completed  70  /  100 epochs
	completed  80  /  100 epochs
	completed  90  /  100 epochs
	completed  0  /  100 epochs
	completed  10  /  100 epochs
	completed  20  /  100 epochs
	completed  30  /  100 epochs
	completed  40  /  100 epochs
	completed  50  /  100 epochs
	completed  60  /  100 epochs
	completed  70  /  100 epochs
	completed  80  /  100 epochs
	completed  90  /  100 epochs
UMAP(n_components=100, n_jobs=1, random_state=42, verbose=True)
Thu Jul  3 21:13:38 2025 Construct fuzzy simplicial set
Thu Jul  3 21:13:41 2025 Finding Nearest Neighbors
Thu Jul  3 21:13:41 2025 Finished Nearest Neighbor Search
Thu Jul  3 21:13:41 2025 Construct embedding
	completed  0  /  500 epochs
	completed  50  /  500 epochs
	completed  100  /  500 epochs
	completed  150  /  500 epochs
	completed  200  /  500 epochs
	completed  250  /  500 epochs
	completed  300  /  500 epochs
	completed  350  /  500 epochs
	completed  400  /  500 epochs
	completed  450  /  500 epochs
Thu Jul  3 21:13:50 2025 Finished embedding
	completed  0  /  100 epochs
	completed  10  /  100 epochs
	completed  20  /  100 epochs
	completed  30  /  100 epochs
	completed  40  /  100 epochs
	completed  50  /  100 epochs
	completed  60  /  100 epochs
	completed  70  /  100 epochs
	completed  80  /  100 epochs
	completed  90  /  100 epochs
	completed  0  /  100 epochs
	completed  10  /  100 epochs
	completed  20  /  100 epochs
	completed  30  /  100 epochs
	completed  40  /  100 epochs
	completed  50  /  100 epochs
	completed  60  /  100 epochs
	completed  70  /  100 epochs
	completed  80  /  100 epochs
	completed  90  /  100 epochs
UMAP(n_components=200, n_jobs=1, random_state=42, verbose=True)
Thu Jul  3 21:14:05 2025 Construct fuzzy simplicial set
Thu Jul  3 21:14:08 2025 Finding Nearest Neighbors
Thu Jul  3 21:14:09 2025 Finished Nearest Neighbor Search
Thu Jul  3 21:14:09 2025 Construct embedding
	completed  0  /  500 epochs
	completed  50  /  500 epochs
	completed  100  /  500 epochs
	completed  150  /  500 epochs
	completed  200  /  500 epochs
	completed  250  /  500 epochs
	completed  300  /  500 epochs
	completed  350  /  500 epochs
	completed  400  /  500 epochs
	completed  450  /  500 epochs
Thu Jul  3 21:14:20 2025 Finished embedding
	completed  0  /  100 epochs
	completed  10  /  100 epochs
	completed  20  /  100 epochs
	completed  30  /  100 epochs
	completed  40  /  100 epochs
	completed  50  /  100 epochs
	completed  60  /  100 epochs
	completed  70  /  100 epochs
	completed  80  /  100 epochs
	completed  90  /  100 epochs
	completed  0  /  100 epochs
	completed  10  /  100 epochs
	completed  20  /  100 epochs
	completed  30  /  100 epochs
	completed  40  /  100 epochs
	completed  50  /  100 epochs
	completed  60  /  100 epochs
	completed  70  /  100 epochs
	completed  80  /  100 epochs
	completed  90  /  100 epochs
UMAP(n_components=400, n_jobs=1, random_state=42, verbose=True)
Thu Jul  3 21:14:37 2025 Construct fuzzy simplicial set
Thu Jul  3 21:14:40 2025 Finding Nearest Neighbors
Thu Jul  3 21:14:41 2025 Finished Nearest Neighbor Search
Thu Jul  3 21:14:41 2025 Construct embedding
	completed  0  /  500 epochs
	completed  50  /  500 epochs
	completed  100  /  500 epochs
	completed  150  /  500 epochs
	completed  200  /  500 epochs
	completed  250  /  500 epochs
	completed  300  /  500 epochs
	completed  350  /  500 epochs
	completed  400  /  500 epochs
	completed  450  /  500 epochs
Thu Jul  3 21:15:00 2025 Finished embedding
	completed  0  /  100 epochs
	completed  10  /  100 epochs
	completed  20  /  100 epochs
	completed  30  /  100 epochs
	completed  40  /  100 epochs
	completed  50  /  100 epochs
	completed  60  /  100 epochs
	completed  70  /  100 epochs
	completed  80  /  100 epochs
	completed  90  /  100 epochs
	completed  0  /  100 epochs
	completed  10  /  100 epochs
	completed  20  /  100 epochs
	completed  30  /  100 epochs
	completed  40  /  100 epochs
	completed  50  /  100 epochs
	completed  60  /  100 epochs
	completed  70  /  100 epochs
	completed  80  /  100 epochs
	completed  90  /  100 epochs
UMAP(n_jobs=1, random_state=42, verbose=True)
Thu Jul  3 21:15:54 2025 Construct fuzzy simplicial set
Thu Jul  3 21:15:56 2025 Finding Nearest Neighbors
Thu Jul  3 21:15:57 2025 Finished Nearest Neighbor Search
Thu Jul  3 21:15:57 2025 Construct embedding
	completed  0  /  500 epochs
	completed  50  /  500 epochs
	completed  100  /  500 epochs
	completed  150  /  500 epochs
	completed  200  /  500 epochs
	completed  250  /  500 epochs
	completed  300  /  500 epochs
	completed  350  /  500 epochs
	completed  400  /  500 epochs
	completed  450  /  500 epochs
Thu Jul  3 21:16:00 2025 Finished embedding
	completed  0  /  100 epochs
	completed  10  /  100 epochs
	completed  20  /  100 epochs
	completed  30  /  100 epochs
	completed  40  /  100 epochs
	completed  50  /  100 epochs
	completed  60  /  100 epochs
	completed  70  /  100 epochs
	completed  80  /  100 epochs
	completed  90  /  100 epochs
	completed  0  /  100 epochs
	completed  10  /  100 epochs
	completed  20  /  100 epochs
	completed  30  /  100 epochs
	completed  40  /  100 epochs
	completed  50  /  100 epochs
	completed  60  /  100 epochs
	completed  70  /  100 epochs
	completed  80  /  100 epochs
	completed  90  /  100 epochs
UMAP(n_components=5, n_jobs=1, random_state=42, verbose=True)
Thu Jul  3 21:16:10 2025 Construct fuzzy simplicial set
Thu Jul  3 21:16:13 2025 Finding Nearest Neighbors
Thu Jul  3 21:16:13 2025 Finished Nearest Neighbor Search
Thu Jul  3 21:16:13 2025 Construct embedding
	completed  0  /  500 epochs
	completed  50  /  500 epochs
	completed  100  /  500 epochs
	completed  150  /  500 epochs
	completed  200  /  500 epochs
	completed  250  /  500 epochs
	completed  300  /  500 epochs
	completed  350  /  500 epochs
	completed  400  /  500 epochs
	completed  450  /  500 epochs
Thu Jul  3 21:16:17 2025 Finished embedding
	completed  0  /  100 epochs
	completed  10  /  100 epochs
	completed  20  /  100 epochs
	completed  30  /  100 epochs
	completed  40  /  100 epochs
	completed  50  /  100 epochs
	completed  60  /  100 epochs
	completed  70  /  100 epochs
	completed  80  /  100 epochs
	completed  90  /  100 epochs
	completed  0  /  100 epochs
	completed  10  /  100 epochs
	completed  20  /  100 epochs
	completed  30  /  100 epochs
	completed  40  /  100 epochs
	completed  50  /  100 epochs
	completed  60  /  100 epochs
	completed  70  /  100 epochs
	completed  80  /  100 epochs
	completed  90  /  100 epochs
UMAP(n_components=10, n_jobs=1, random_state=42, verbose=True)
Thu Jul  3 21:16:28 2025 Construct fuzzy simplicial set
Thu Jul  3 21:16:30 2025 Finding Nearest Neighbors
Thu Jul  3 21:16:31 2025 Finished Nearest Neighbor Search
Thu Jul  3 21:16:31 2025 Construct embedding
	completed  0  /  500 epochs
	completed  50  /  500 epochs
	completed  100  /  500 epochs
	completed  150  /  500 epochs
	completed  200  /  500 epochs
	completed  250  /  500 epochs
	completed  300  /  500 epochs
	completed  350  /  500 epochs
	completed  400  /  500 epochs
	completed  450  /  500 epochs
Thu Jul  3 21:16:35 2025 Finished embedding
	completed  0  /  100 epochs
	completed  10  /  100 epochs
	completed  20  /  100 epochs
	completed  30  /  100 epochs
	completed  40  /  100 epochs
	completed  50  /  100 epochs
	completed  60  /  100 epochs
	completed  70  /  100 epochs
	completed  80  /  100 epochs
	completed  90  /  100 epochs
	completed  0  /  100 epochs
	completed  10  /  100 epochs
	completed  20  /  100 epochs
	completed  30  /  100 epochs
	completed  40  /  100 epochs
	completed  50  /  100 epochs
	completed  60  /  100 epochs
	completed  70  /  100 epochs
	completed  80  /  100 epochs
	completed  90  /  100 epochs
UMAP(n_components=25, n_jobs=1, random_state=42, verbose=True)
Thu Jul  3 21:16:46 2025 Construct fuzzy simplicial set
Thu Jul  3 21:16:48 2025 Finding Nearest Neighbors
Thu Jul  3 21:16:49 2025 Finished Nearest Neighbor Search
Thu Jul  3 21:16:49 2025 Construct embedding
	completed  0  /  500 epochs
	completed  50  /  500 epochs
	completed  100  /  500 epochs
	completed  150  /  500 epochs
	completed  200  /  500 epochs
	completed  250  /  500 epochs
	completed  300  /  500 epochs
	completed  350  /  500 epochs
	completed  400  /  500 epochs
	completed  450  /  500 epochs
Thu Jul  3 21:16:54 2025 Finished embedding
	completed  0  /  100 epochs
	completed  10  /  100 epochs
	completed  20  /  100 epochs
	completed  30  /  100 epochs
	completed  40  /  100 epochs
	completed  50  /  100 epochs
	completed  60  /  100 epochs
	completed  70  /  100 epochs
	completed  80  /  100 epochs
	completed  90  /  100 epochs
	completed  0  /  100 epochs
	completed  10  /  100 epochs
	completed  20  /  100 epochs
	completed  30  /  100 epochs
	completed  40  /  100 epochs
	completed  50  /  100 epochs
	completed  60  /  100 epochs
	completed  70  /  100 epochs
	completed  80  /  100 epochs
	completed  90  /  100 epochs
UMAP(n_components=50, n_jobs=1, random_state=42, verbose=True)
Thu Jul  3 21:17:07 2025 Construct fuzzy simplicial set
Thu Jul  3 21:17:09 2025 Finding Nearest Neighbors
Thu Jul  3 21:17:10 2025 Finished Nearest Neighbor Search
Thu Jul  3 21:17:10 2025 Construct embedding
	completed  0  /  500 epochs
	completed  50  /  500 epochs
	completed  100  /  500 epochs
	completed  150  /  500 epochs
	completed  200  /  500 epochs
	completed  250  /  500 epochs
	completed  300  /  500 epochs
	completed  350  /  500 epochs
	completed  400  /  500 epochs
	completed  450  /  500 epochs
Thu Jul  3 21:17:16 2025 Finished embedding
	completed  0  /  100 epochs
	completed  10  /  100 epochs
	completed  20  /  100 epochs
	completed  30  /  100 epochs
	completed  40  /  100 epochs
	completed  50  /  100 epochs
	completed  60  /  100 epochs
	completed  70  /  100 epochs
	completed  80  /  100 epochs
	completed  90  /  100 epochs
	completed  0  /  100 epochs
	completed  10  /  100 epochs
	completed  20  /  100 epochs
	completed  30  /  100 epochs
	completed  40  /  100 epochs
	completed  50  /  100 epochs
	completed  60  /  100 epochs
	completed  70  /  100 epochs
	completed  80  /  100 epochs
	completed  90  /  100 epochs
UMAP(n_components=100, n_jobs=1, random_state=42, verbose=True)
Thu Jul  3 21:17:29 2025 Construct fuzzy simplicial set
Thu Jul  3 21:17:31 2025 Finding Nearest Neighbors
Thu Jul  3 21:17:32 2025 Finished Nearest Neighbor Search
Thu Jul  3 21:17:32 2025 Construct embedding
	completed  0  /  500 epochs
	completed  50  /  500 epochs
	completed  100  /  500 epochs
	completed  150  /  500 epochs
	completed  200  /  500 epochs
	completed  250  /  500 epochs
	completed  300  /  500 epochs
	completed  350  /  500 epochs
	completed  400  /  500 epochs
	completed  450  /  500 epochs
Thu Jul  3 21:17:40 2025 Finished embedding
	completed  0  /  100 epochs
	completed  10  /  100 epochs
	completed  20  /  100 epochs
	completed  30  /  100 epochs
	completed  40  /  100 epochs
	completed  50  /  100 epochs
	completed  60  /  100 epochs
	completed  70  /  100 epochs
	completed  80  /  100 epochs
	completed  90  /  100 epochs
	completed  0  /  100 epochs
	completed  10  /  100 epochs
	completed  20  /  100 epochs
	completed  30  /  100 epochs
	completed  40  /  100 epochs
	completed  50  /  100 epochs
	completed  60  /  100 epochs
	completed  70  /  100 epochs
	completed  80  /  100 epochs
	completed  90  /  100 epochs
UMAP(n_components=200, n_jobs=1, random_state=42, verbose=True)
Thu Jul  3 21:17:53 2025 Construct fuzzy simplicial set
Thu Jul  3 21:17:56 2025 Finding Nearest Neighbors
Thu Jul  3 21:17:56 2025 Finished Nearest Neighbor Search
Thu Jul  3 21:17:56 2025 Construct embedding
	completed  0  /  500 epochs
	completed  50  /  500 epochs
	completed  100  /  500 epochs
	completed  150  /  500 epochs
	completed  200  /  500 epochs
	completed  250  /  500 epochs
	completed  300  /  500 epochs
	completed  350  /  500 epochs
	completed  400  /  500 epochs
	completed  450  /  500 epochs
Thu Jul  3 21:18:06 2025 Finished embedding
	completed  0  /  100 epochs
	completed  10  /  100 epochs
	completed  20  /  100 epochs
	completed  30  /  100 epochs
	completed  40  /  100 epochs
	completed  50  /  100 epochs
	completed  60  /  100 epochs
	completed  70  /  100 epochs
	completed  80  /  100 epochs
	completed  90  /  100 epochs
	completed  0  /  100 epochs
	completed  10  /  100 epochs
	completed  20  /  100 epochs
	completed  30  /  100 epochs
	completed  40  /  100 epochs
	completed  50  /  100 epochs
	completed  60  /  100 epochs
	completed  70  /  100 epochs
	completed  80  /  100 epochs
	completed  90  /  100 epochs
UMAP(n_components=400, n_jobs=1, random_state=42, verbose=True)
Thu Jul  3 21:18:21 2025 Construct fuzzy simplicial set
Thu Jul  3 21:18:24 2025 Finding Nearest Neighbors
Thu Jul  3 21:18:24 2025 Finished Nearest Neighbor Search
Thu Jul  3 21:18:24 2025 Construct embedding
	completed  0  /  500 epochs
	completed  50  /  500 epochs
	completed  100  /  500 epochs
	completed  150  /  500 epochs
	completed  200  /  500 epochs
	completed  250  /  500 epochs
	completed  300  /  500 epochs
	completed  350  /  500 epochs
	completed  400  /  500 epochs
	completed  450  /  500 epochs
Thu Jul  3 21:18:42 2025 Finished embedding
	completed  0  /  100 epochs
	completed  10  /  100 epochs
	completed  20  /  100 epochs
	completed  30  /  100 epochs
	completed  40  /  100 epochs
	completed  50  /  100 epochs
	completed  60  /  100 epochs
	completed  70  /  100 epochs
	completed  80  /  100 epochs
	completed  90  /  100 epochs
	completed  0  /  100 epochs
	completed  10  /  100 epochs
	completed  20  /  100 epochs
	completed  30  /  100 epochs
	completed  40  /  100 epochs
	completed  50  /  100 epochs
	completed  60  /  100 epochs
	completed  70  /  100 epochs
	completed  80  /  100 epochs
	completed  90  /  100 epochs
UMAP(n_jobs=1, random_state=42, verbose=True)
Thu Jul  3 21:19:16 2025 Construct fuzzy simplicial set
Thu Jul  3 21:19:18 2025 Finding Nearest Neighbors
Thu Jul  3 21:19:19 2025 Finished Nearest Neighbor Search
Thu Jul  3 21:19:19 2025 Construct embedding
	completed  0  /  500 epochs
	completed  50  /  500 epochs
	completed  100  /  500 epochs
	completed  150  /  500 epochs
	completed  200  /  500 epochs
	completed  250  /  500 epochs
	completed  300  /  500 epochs
	completed  350  /  500 epochs
	completed  400  /  500 epochs
	completed  450  /  500 epochs
Thu Jul  3 21:19:22 2025 Finished embedding
	completed  0  /  100 epochs
	completed  10  /  100 epochs
	completed  20  /  100 epochs
	completed  30  /  100 epochs
	completed  40  /  100 epochs
	completed  50  /  100 epochs
	completed  60  /  100 epochs
	completed  70  /  100 epochs
	completed  80  /  100 epochs
	completed  90  /  100 epochs
	completed  0  /  100 epochs
	completed  10  /  100 epochs
	completed  20  /  100 epochs
	completed  30  /  100 epochs
	completed  40  /  100 epochs
	completed  50  /  100 epochs
	completed  60  /  100 epochs
	completed  70  /  100 epochs
	completed  80  /  100 epochs
	completed  90  /  100 epochs
UMAP(n_components=5, n_jobs=1, random_state=42, verbose=True)
Thu Jul  3 21:19:33 2025 Construct fuzzy simplicial set
Thu Jul  3 21:19:35 2025 Finding Nearest Neighbors
Thu Jul  3 21:19:36 2025 Finished Nearest Neighbor Search
Thu Jul  3 21:19:36 2025 Construct embedding
	completed  0  /  500 epochs
	completed  50  /  500 epochs
	completed  100  /  500 epochs
	completed  150  /  500 epochs
	completed  200  /  500 epochs
	completed  250  /  500 epochs
	completed  300  /  500 epochs
	completed  350  /  500 epochs
	completed  400  /  500 epochs
	completed  450  /  500 epochs
Thu Jul  3 21:19:39 2025 Finished embedding
	completed  0  /  100 epochs
	completed  10  /  100 epochs
	completed  20  /  100 epochs
	completed  30  /  100 epochs
	completed  40  /  100 epochs
	completed  50  /  100 epochs
	completed  60  /  100 epochs
	completed  70  /  100 epochs
	completed  80  /  100 epochs
	completed  90  /  100 epochs
	completed  0  /  100 epochs
	completed  10  /  100 epochs
	completed  20  /  100 epochs
	completed  30  /  100 epochs
	completed  40  /  100 epochs
	completed  50  /  100 epochs
	completed  60  /  100 epochs
	completed  70  /  100 epochs
	completed  80  /  100 epochs
	completed  90  /  100 epochs
UMAP(n_components=10, n_jobs=1, random_state=42, verbose=True)
Thu Jul  3 21:19:51 2025 Construct fuzzy simplicial set
Thu Jul  3 21:19:53 2025 Finding Nearest Neighbors
Thu Jul  3 21:19:54 2025 Finished Nearest Neighbor Search
Thu Jul  3 21:19:54 2025 Construct embedding
	completed  0  /  500 epochs
	completed  50  /  500 epochs
	completed  100  /  500 epochs
	completed  150  /  500 epochs
	completed  200  /  500 epochs
	completed  250  /  500 epochs
	completed  300  /  500 epochs
	completed  350  /  500 epochs
	completed  400  /  500 epochs
	completed  450  /  500 epochs
Thu Jul  3 21:19:58 2025 Finished embedding
	completed  0  /  100 epochs
	completed  10  /  100 epochs
	completed  20  /  100 epochs
	completed  30  /  100 epochs
	completed  40  /  100 epochs
	completed  50  /  100 epochs
	completed  60  /  100 epochs
	completed  70  /  100 epochs
	completed  80  /  100 epochs
	completed  90  /  100 epochs
	completed  0  /  100 epochs
	completed  10  /  100 epochs
	completed  20  /  100 epochs
	completed  30  /  100 epochs
	completed  40  /  100 epochs
	completed  50  /  100 epochs
	completed  60  /  100 epochs
	completed  70  /  100 epochs
	completed  80  /  100 epochs
	completed  90  /  100 epochs
UMAP(n_components=25, n_jobs=1, random_state=42, verbose=True)
Thu Jul  3 21:20:09 2025 Construct fuzzy simplicial set
Thu Jul  3 21:20:12 2025 Finding Nearest Neighbors
Thu Jul  3 21:20:12 2025 Finished Nearest Neighbor Search
Thu Jul  3 21:20:12 2025 Construct embedding
	completed  0  /  500 epochs
	completed  50  /  500 epochs
	completed  100  /  500 epochs
	completed  150  /  500 epochs
	completed  200  /  500 epochs
	completed  250  /  500 epochs
	completed  300  /  500 epochs
	completed  350  /  500 epochs
	completed  400  /  500 epochs
	completed  450  /  500 epochs
Thu Jul  3 21:20:18 2025 Finished embedding
	completed  0  /  100 epochs
	completed  10  /  100 epochs
	completed  20  /  100 epochs
	completed  30  /  100 epochs
	completed  40  /  100 epochs
	completed  50  /  100 epochs
	completed  60  /  100 epochs
	completed  70  /  100 epochs
	completed  80  /  100 epochs
	completed  90  /  100 epochs
	completed  0  /  100 epochs
	completed  10  /  100 epochs
	completed  20  /  100 epochs
	completed  30  /  100 epochs
	completed  40  /  100 epochs
	completed  50  /  100 epochs
	completed  60  /  100 epochs
	completed  70  /  100 epochs
	completed  80  /  100 epochs
	completed  90  /  100 epochs
UMAP(n_components=50, n_jobs=1, random_state=42, verbose=True)
Thu Jul  3 21:20:31 2025 Construct fuzzy simplicial set
Thu Jul  3 21:20:33 2025 Finding Nearest Neighbors
Thu Jul  3 21:20:34 2025 Finished Nearest Neighbor Search
Thu Jul  3 21:20:34 2025 Construct embedding
	completed  0  /  500 epochs
	completed  50  /  500 epochs
	completed  100  /  500 epochs
	completed  150  /  500 epochs
	completed  200  /  500 epochs
	completed  250  /  500 epochs
	completed  300  /  500 epochs
	completed  350  /  500 epochs
	completed  400  /  500 epochs
	completed  450  /  500 epochs
Thu Jul  3 21:20:40 2025 Finished embedding
	completed  0  /  100 epochs
	completed  10  /  100 epochs
	completed  20  /  100 epochs
	completed  30  /  100 epochs
	completed  40  /  100 epochs
	completed  50  /  100 epochs
	completed  60  /  100 epochs
	completed  70  /  100 epochs
	completed  80  /  100 epochs
	completed  90  /  100 epochs
	completed  0  /  100 epochs
	completed  10  /  100 epochs
	completed  20  /  100 epochs
	completed  30  /  100 epochs
	completed  40  /  100 epochs
	completed  50  /  100 epochs
	completed  60  /  100 epochs
	completed  70  /  100 epochs
	completed  80  /  100 epochs
	completed  90  /  100 epochs
UMAP(n_components=100, n_jobs=1, random_state=42, verbose=True)
Thu Jul  3 21:20:53 2025 Construct fuzzy simplicial set
Thu Jul  3 21:20:55 2025 Finding Nearest Neighbors
Thu Jul  3 21:20:56 2025 Finished Nearest Neighbor Search
Thu Jul  3 21:20:56 2025 Construct embedding
	completed  0  /  500 epochs
	completed  50  /  500 epochs
	completed  100  /  500 epochs
	completed  150  /  500 epochs
	completed  200  /  500 epochs
	completed  250  /  500 epochs
	completed  300  /  500 epochs
	completed  350  /  500 epochs
	completed  400  /  500 epochs
	completed  450  /  500 epochs
Thu Jul  3 21:21:04 2025 Finished embedding
	completed  0  /  100 epochs
	completed  10  /  100 epochs
	completed  20  /  100 epochs
	completed  30  /  100 epochs
	completed  40  /  100 epochs
	completed  50  /  100 epochs
	completed  60  /  100 epochs
	completed  70  /  100 epochs
	completed  80  /  100 epochs
	completed  90  /  100 epochs
	completed  0  /  100 epochs
	completed  10  /  100 epochs
	completed  20  /  100 epochs
	completed  30  /  100 epochs
	completed  40  /  100 epochs
	completed  50  /  100 epochs
	completed  60  /  100 epochs
	completed  70  /  100 epochs
	completed  80  /  100 epochs
	completed  90  /  100 epochs
UMAP(n_components=200, n_jobs=1, random_state=42, verbose=True)
Thu Jul  3 21:21:17 2025 Construct fuzzy simplicial set
Thu Jul  3 21:21:20 2025 Finding Nearest Neighbors
Thu Jul  3 21:21:20 2025 Finished Nearest Neighbor Search
Thu Jul  3 21:21:20 2025 Construct embedding
	completed  0  /  500 epochs
	completed  50  /  500 epochs
	completed  100  /  500 epochs
	completed  150  /  500 epochs
	completed  200  /  500 epochs
	completed  250  /  500 epochs
	completed  300  /  500 epochs
	completed  350  /  500 epochs
	completed  400  /  500 epochs
	completed  450  /  500 epochs
Thu Jul  3 21:21:31 2025 Finished embedding
	completed  0  /  100 epochs
	completed  10  /  100 epochs
	completed  20  /  100 epochs
	completed  30  /  100 epochs
	completed  40  /  100 epochs
	completed  50  /  100 epochs
	completed  60  /  100 epochs
	completed  70  /  100 epochs
	completed  80  /  100 epochs
	completed  90  /  100 epochs
	completed  0  /  100 epochs
	completed  10  /  100 epochs
	completed  20  /  100 epochs
	completed  30  /  100 epochs
	completed  40  /  100 epochs
	completed  50  /  100 epochs
	completed  60  /  100 epochs
	completed  70  /  100 epochs
	completed  80  /  100 epochs
	completed  90  /  100 epochs
UMAP(n_components=400, n_jobs=1, random_state=42, verbose=True)
Thu Jul  3 21:21:46 2025 Construct fuzzy simplicial set
Thu Jul  3 21:21:48 2025 Finding Nearest Neighbors
Thu Jul  3 21:21:49 2025 Finished Nearest Neighbor Search
Thu Jul  3 21:21:49 2025 Construct embedding
	completed  0  /  500 epochs
	completed  50  /  500 epochs
	completed  100  /  500 epochs
	completed  150  /  500 epochs
	completed  200  /  500 epochs
	completed  250  /  500 epochs
	completed  300  /  500 epochs
	completed  350  /  500 epochs
	completed  400  /  500 epochs
	completed  450  /  500 epochs
Thu Jul  3 21:22:08 2025 Finished embedding
	completed  0  /  100 epochs
	completed  10  /  100 epochs
	completed  20  /  100 epochs
	completed  30  /  100 epochs
	completed  40  /  100 epochs
	completed  50  /  100 epochs
	completed  60  /  100 epochs
	completed  70  /  100 epochs
	completed  80  /  100 epochs
	completed  90  /  100 epochs
	completed  0  /  100 epochs
	completed  10  /  100 epochs
	completed  20  /  100 epochs
	completed  30  /  100 epochs
	completed  40  /  100 epochs
	completed  50  /  100 epochs
	completed  60  /  100 epochs
	completed  70  /  100 epochs
	completed  80  /  100 epochs
	completed  90  /  100 epochs
UMAP(n_jobs=1, random_state=42, verbose=True)
Thu Jul  3 22:50:53 2025 Construct fuzzy simplicial set
Thu Jul  3 22:50:53 2025 Finding Nearest Neighbors
Thu Jul  3 22:50:53 2025 Building RP forest with 18 trees
Thu Jul  3 22:51:02 2025 NN descent for 16 iterations
	 1  /  16
	 2  /  16
	 3  /  16
	 4  /  16
	 5  /  16
	 6  /  16
	 7  /  16
	 8  /  16
	 9  /  16
	 10  /  16
	Stopping threshold met -- exiting after 10 iterations
Thu Jul  3 22:51:24 2025 Finished Nearest Neighbor Search
Thu Jul  3 22:51:24 2025 Construct embedding
	completed  0  /  200 epochs
	completed  20  /  200 epochs
	completed  40  /  200 epochs
	completed  60  /  200 epochs
	completed  80  /  200 epochs
	completed  100  /  200 epochs
	completed  120  /  200 epochs
	completed  140  /  200 epochs
	completed  160  /  200 epochs
	completed  180  /  200 epochs
Thu Jul  3 22:52:05 2025 Finished embedding
Thu Jul  3 22:52:11 2025 Worst tree score: 0.45133477
Thu Jul  3 22:52:11 2025 Mean tree score: 0.46735941
Thu Jul  3 22:52:11 2025 Best tree score: 0.47845179
Thu Jul  3 22:52:13 2025 Forward diversification reduced edges from 1031640 to 391749
Thu Jul  3 22:52:17 2025 Reverse diversification reduced edges from 391749 to 391749
Thu Jul  3 22:52:20 2025 Degree pruning reduced edges from 433410 to 433063
Thu Jul  3 22:52:20 2025 Resorting data and graph based on tree order
Thu Jul  3 22:52:20 2025 Building and compiling search function
	completed  0  /  30 epochs
	completed  3  /  30 epochs
	completed  6  /  30 epochs
	completed  9  /  30 epochs
	completed  12  /  30 epochs
	completed  15  /  30 epochs
	completed  18  /  30 epochs
	completed  21  /  30 epochs
	completed  24  /  30 epochs
	completed  27  /  30 epochs
	completed  0  /  30 epochs
	completed  3  /  30 epochs
	completed  6  /  30 epochs
	completed  9  /  30 epochs
	completed  12  /  30 epochs
	completed  15  /  30 epochs
	completed  18  /  30 epochs
	completed  21  /  30 epochs
	completed  24  /  30 epochs
	completed  27  /  30 epochs
UMAP(n_components=5, n_jobs=1, random_state=42, verbose=True)
Thu Jul  3 22:59:02 2025 Construct fuzzy simplicial set
Thu Jul  3 22:59:02 2025 Finding Nearest Neighbors
Thu Jul  3 22:59:02 2025 Building RP forest with 18 trees
Thu Jul  3 22:59:05 2025 NN descent for 16 iterations
	 1  /  16
	 2  /  16
	 3  /  16
	 4  /  16
	 5  /  16
	 6  /  16
	 7  /  16
	 8  /  16
	 9  /  16
	 10  /  16
	Stopping threshold met -- exiting after 10 iterations
Thu Jul  3 22:59:13 2025 Finished Nearest Neighbor Search
Thu Jul  3 22:59:14 2025 Construct embedding
	completed  0  /  200 epochs
	completed  20  /  200 epochs
	completed  40  /  200 epochs
	completed  60  /  200 epochs
	completed  80  /  200 epochs
	completed  100  /  200 epochs
	completed  120  /  200 epochs
	completed  140  /  200 epochs
	completed  160  /  200 epochs
	completed  180  /  200 epochs
Thu Jul  3 23:00:04 2025 Finished embedding
Thu Jul  3 23:00:08 2025 Worst tree score: 0.45133477
Thu Jul  3 23:00:08 2025 Mean tree score: 0.46735941
Thu Jul  3 23:00:08 2025 Best tree score: 0.47845179
Thu Jul  3 23:00:08 2025 Forward diversification reduced edges from 1031640 to 391749
Thu Jul  3 23:00:09 2025 Reverse diversification reduced edges from 391749 to 391749
Thu Jul  3 23:00:09 2025 Degree pruning reduced edges from 433410 to 433063
Thu Jul  3 23:00:09 2025 Resorting data and graph based on tree order
Thu Jul  3 23:00:09 2025 Building and compiling search function
	completed  0  /  30 epochs
	completed  3  /  30 epochs
	completed  6  /  30 epochs
	completed  9  /  30 epochs
	completed  12  /  30 epochs
	completed  15  /  30 epochs
	completed  18  /  30 epochs
	completed  21  /  30 epochs
	completed  24  /  30 epochs
	completed  27  /  30 epochs
	completed  0  /  30 epochs
	completed  3  /  30 epochs
	completed  6  /  30 epochs
	completed  9  /  30 epochs
	completed  12  /  30 epochs
	completed  15  /  30 epochs
	completed  18  /  30 epochs
	completed  21  /  30 epochs
	completed  24  /  30 epochs
	completed  27  /  30 epochs
UMAP(n_components=10, n_jobs=1, random_state=42, verbose=True)
Thu Jul  3 23:06:28 2025 Construct fuzzy simplicial set
Thu Jul  3 23:06:28 2025 Finding Nearest Neighbors
Thu Jul  3 23:06:28 2025 Building RP forest with 18 trees
Thu Jul  3 23:06:31 2025 NN descent for 16 iterations
	 1  /  16
	 2  /  16
	 3  /  16
	 4  /  16
	 5  /  16
	 6  /  16
	 7  /  16
	 8  /  16
	 9  /  16
	 10  /  16
	Stopping threshold met -- exiting after 10 iterations
Thu Jul  3 23:06:39 2025 Finished Nearest Neighbor Search
Thu Jul  3 23:06:39 2025 Construct embedding
	completed  0  /  200 epochs
	completed  20  /  200 epochs
	completed  40  /  200 epochs
	completed  60  /  200 epochs
	completed  80  /  200 epochs
	completed  100  /  200 epochs
	completed  120  /  200 epochs
	completed  140  /  200 epochs
	completed  160  /  200 epochs
	completed  180  /  200 epochs
Thu Jul  3 23:07:38 2025 Finished embedding
Thu Jul  3 23:07:41 2025 Worst tree score: 0.45133477
Thu Jul  3 23:07:41 2025 Mean tree score: 0.46735941
Thu Jul  3 23:07:41 2025 Best tree score: 0.47845179
Thu Jul  3 23:07:42 2025 Forward diversification reduced edges from 1031640 to 391749
Thu Jul  3 23:07:42 2025 Reverse diversification reduced edges from 391749 to 391749
Thu Jul  3 23:07:42 2025 Degree pruning reduced edges from 433410 to 433063
Thu Jul  3 23:07:42 2025 Resorting data and graph based on tree order
Thu Jul  3 23:07:42 2025 Building and compiling search function
	completed  0  /  30 epochs
	completed  3  /  30 epochs
	completed  6  /  30 epochs
	completed  9  /  30 epochs
	completed  12  /  30 epochs
	completed  15  /  30 epochs
	completed  18  /  30 epochs
	completed  21  /  30 epochs
	completed  24  /  30 epochs
	completed  27  /  30 epochs
	completed  0  /  30 epochs
	completed  3  /  30 epochs
	completed  6  /  30 epochs
	completed  9  /  30 epochs
	completed  12  /  30 epochs
	completed  15  /  30 epochs
	completed  18  /  30 epochs
	completed  21  /  30 epochs
	completed  24  /  30 epochs
	completed  27  /  30 epochs
UMAP(n_components=25, n_jobs=1, random_state=42, verbose=True)
Thu Jul  3 23:14:12 2025 Construct fuzzy simplicial set
Thu Jul  3 23:14:12 2025 Finding Nearest Neighbors
Thu Jul  3 23:14:12 2025 Building RP forest with 18 trees
Thu Jul  3 23:14:16 2025 NN descent for 16 iterations
	 1  /  16
	 2  /  16
	 3  /  16
	 4  /  16
	 5  /  16
	 6  /  16
	 7  /  16
	 8  /  16
	 9  /  16
	 10  /  16
	Stopping threshold met -- exiting after 10 iterations
Thu Jul  3 23:14:24 2025 Finished Nearest Neighbor Search
Thu Jul  3 23:14:24 2025 Construct embedding
	completed  0  /  200 epochs
	completed  20  /  200 epochs
	completed  40  /  200 epochs
	completed  60  /  200 epochs
	completed  80  /  200 epochs
	completed  100  /  200 epochs
	completed  120  /  200 epochs
	completed  140  /  200 epochs
	completed  160  /  200 epochs
	completed  180  /  200 epochs
Thu Jul  3 23:15:47 2025 Finished embedding
Thu Jul  3 23:15:51 2025 Worst tree score: 0.45133477
Thu Jul  3 23:15:51 2025 Mean tree score: 0.46735941
Thu Jul  3 23:15:51 2025 Best tree score: 0.47845179
Thu Jul  3 23:15:51 2025 Forward diversification reduced edges from 1031640 to 391749
Thu Jul  3 23:15:52 2025 Reverse diversification reduced edges from 391749 to 391749
Thu Jul  3 23:15:52 2025 Degree pruning reduced edges from 433410 to 433063
Thu Jul  3 23:15:52 2025 Resorting data and graph based on tree order
Thu Jul  3 23:15:52 2025 Building and compiling search function
	completed  0  /  30 epochs
	completed  3  /  30 epochs
	completed  6  /  30 epochs
	completed  9  /  30 epochs
	completed  12  /  30 epochs
	completed  15  /  30 epochs
	completed  18  /  30 epochs
	completed  21  /  30 epochs
	completed  24  /  30 epochs
	completed  27  /  30 epochs
	completed  0  /  30 epochs
	completed  3  /  30 epochs
	completed  6  /  30 epochs
	completed  9  /  30 epochs
	completed  12  /  30 epochs
	completed  15  /  30 epochs
	completed  18  /  30 epochs
	completed  21  /  30 epochs
	completed  24  /  30 epochs
	completed  27  /  30 epochs
UMAP(n_components=50, n_jobs=1, random_state=42, verbose=True)
Thu Jul  3 23:28:17 2025 Construct fuzzy simplicial set
Thu Jul  3 23:28:17 2025 Finding Nearest Neighbors
Thu Jul  3 23:28:17 2025 Building RP forest with 18 trees
Thu Jul  3 23:28:20 2025 NN descent for 16 iterations
	 1  /  16
	 2  /  16
	 3  /  16
	 4  /  16
	 5  /  16
	 6  /  16
	 7  /  16
	 8  /  16
	 9  /  16
	 10  /  16
	Stopping threshold met -- exiting after 10 iterations
Thu Jul  3 23:28:28 2025 Finished Nearest Neighbor Search
Thu Jul  3 23:28:28 2025 Construct embedding
	completed  0  /  200 epochs
	completed  20  /  200 epochs
	completed  40  /  200 epochs
	completed  60  /  200 epochs
	completed  80  /  200 epochs
	completed  100  /  200 epochs
	completed  120  /  200 epochs
	completed  140  /  200 epochs
	completed  160  /  200 epochs
	completed  180  /  200 epochs
Thu Jul  3 23:30:04 2025 Finished embedding
Thu Jul  3 23:30:07 2025 Worst tree score: 0.45133477
Thu Jul  3 23:30:07 2025 Mean tree score: 0.46735941
Thu Jul  3 23:30:07 2025 Best tree score: 0.47845179
Thu Jul  3 23:30:08 2025 Forward diversification reduced edges from 1031640 to 391749
Thu Jul  3 23:30:08 2025 Reverse diversification reduced edges from 391749 to 391749
Thu Jul  3 23:30:08 2025 Degree pruning reduced edges from 433410 to 433063
Thu Jul  3 23:30:08 2025 Resorting data and graph based on tree order
Thu Jul  3 23:30:08 2025 Building and compiling search function
	completed  0  /  30 epochs
	completed  3  /  30 epochs
	completed  6  /  30 epochs
	completed  9  /  30 epochs
	completed  12  /  30 epochs
	completed  15  /  30 epochs
	completed  18  /  30 epochs
	completed  21  /  30 epochs
	completed  24  /  30 epochs
	completed  27  /  30 epochs
	completed  0  /  30 epochs
	completed  3  /  30 epochs
	completed  6  /  30 epochs
	completed  9  /  30 epochs
	completed  12  /  30 epochs
	completed  15  /  30 epochs
	completed  18  /  30 epochs
	completed  21  /  30 epochs
	completed  24  /  30 epochs
	completed  27  /  30 epochs
Dimensionality reduction analysis failed with exit code 1

JOB STATISTICS
==============
Job ID: 12957724
Cluster: snellius
User/Group: pvenema/pvenema
State: FAILED (exit code 1)
Nodes: 1
Cores per node: 192
CPU Utilized: 04:36:43
CPU Efficiency: 0.88% of 21-18:49:36 core-walltime
Job Wall-clock time: 02:43:23
Memory Utilized: 33.36 GB
Memory Efficiency: 10.43% of 320.00 GB (320.00 GB/node)
