Job ID: 12972491
Job Name: dim_reduction_maximum
Node: tcn1111
Start Time: Sat Jul  5 12:23:15 CEST 2025
Working Directory: /gpfs/home6/pvenema/ehrshot-benchmark/ehrshot/bash_scripts
Python version: Python 3.10.16
Conda environment: EHRSHOT_ENV
Available memory:                total        used        free      shared  buff/cache   available
Mem:           377Gi        26Gi       348Gi       257Mi       8.5Gi       351Gi
Swap:             0B          0B          0B
Available CPUs: 128
Safe Maximum Performance Threading Configuration:
  CPUs allocated: 128
  Memory allocated: 286720MB
  OMP_NUM_THREADS: 64 (capped for stability)
  MKL_NUM_THREADS: 64 (capped for stability)
  SKLEARN_N_JOBS: 128 (full allocation)
  Node: tcn1111
Initial resource usage:
               total        used        free      shared  buff/cache   available
Mem:           377Gi        26Gi       348Gi       257Mi       8.5Gi       351Gi
Swap:             0B          0B          0B
top - 12:23:15 up 17 days, 16:56,  0 users,  load average: 1.31, 1.87, 2.29
Tasks: 1814 total,   1 running, 1813 sleeping,   0 stopped,   0 zombie
%Cpu(s):  0.7 us,  0.2 sy,  0.0 ni, 99.1 id,  0.0 wa,  0.0 hi,  0.0 si,  0.0 st
MiB Mem : 386576.0 total, 357163.1 free,  26905.3 used,   8705.9 buff/cache
MiB Swap:      0.0 total,      0.0 free,      0.0 used. 359670.7 avail Mem 

    PID USER      PR  NI    VIRT    RES    SHR S  %CPU  %MEM     TIME+ COMMAND
1360452 hrostam+  20   0   11.9g   3.1g 285696 S 133.3   0.8   5135:13 MCR Mai+
 727611 root      20   0 2100892 454996   4608 S  16.7   0.1  98:37.69 pmsenso+
 984428 pvenema   20   0  237388   4608   3072 R  16.7   0.0   0:00.05 top
   9730 root       0 -20   78.6g   7.9g 794112 S   5.6   2.1 201:03.02 mmfsd
      1 root      20   0  171712  10752   9216 S   0.0   0.0  17:37.40 systemd
      2 root      20   0       0      0      0 S   0.0   0.0   0:04.86 kthreadd
      3 root       0 -20       0      0      0 I   0.0   0.0   0:00.00 rcu_gp
      4 root       0 -20       0      0      0 I   0.0   0.0   0:00.00 rcu_par+
Starting SAFE MAXIMUM PERFORMANCE dimensionality reduction analysis (skipping baseline)...
🧬 Starting EHRSHOT Dimensionality Reduction Analysis
==================================================
Database: ../EHRSHOT_ASSETS/femr/extract
Labels:   ../EHRSHOT_ASSETS/benchmark
Features: ../EHRSHOT_ASSETS/features
Splits:   ../EHRSHOT_ASSETS/splits/person_id_map.csv
Output:   ../EHRSHOT_ASSETS/dimensionality_analysis

🚀 Running dimensionality reduction analysis...
