Job ID: 12472362
Job Name: dim_reduction_all
Node: tcn247
Start Time: Wed Jun 18 13:30:41 CEST 2025
Working Directory: /gpfs/home6/pvenema/ehrshot-benchmark/ehrshot
Python version: Python 3.10.16
Conda environment: EHRSHOT_ENV
Available memory:                total        used        free      shared  buff/cache   available
Mem:           251Gi        21Gi       231Gi       407Mi       4.4Gi       230Gi
Swap:             0B          0B          0B
Available CPUs: 16
Starting dimensionality reduction analysis...
🧬 Starting EHRSHOT Dimensionality Reduction Analysis
==================================================
Database: ../EHRSHOT_ASSETS/femr/extract
Labels:   ../EHRSHOT_ASSETS/benchmark
Features: ../EHRSHOT_ASSETS/features
Splits:   ../EHRSHOT_ASSETS/splits/person_id_map.csv
Output:   ../EHRSHOT_ASSETS/dimensionality_analysis

🚀 Running dimensionality reduction analysis...
