Job ID: 12461076
Job Name: dim_reduction
Node: tcn259
Start Time: Tue Jun 17 17:16:21 CEST 2025
Working Directory: /gpfs/home6/pvenema/ehrshot-benchmark/ehrshot
Python version: Python 3.10.16
Conda environment: EHRSHOT_ENV
Available memory:                total        used        free      shared  buff/cache   available
Mem:           251Gi        37Gi       212Gi       521Mi       7.7Gi       213Gi
Swap:             0B          0B          0B
Available CPUs: 16
Starting dimensionality reduction analysis...
🧬 Starting EHRSHOT Dimensionality Reduction Analysis
==================================================
Database: ../EHRSHOT_ASSETS/femr/extract
Labels:   ../EHRSHOT_ASSETS/benchmark
Features: ../EHRSHOT_ASSETS/features
Splits:   ../EHRSHOT_ASSETS/splits/person_id_map.csv
Output:   ../EHRSHOT_ASSETS/dimensionality_analysis

🚀 Running dimensionality reduction analysis...

JOB STATISTICS
==============
Job ID: 12461076
Cluster: snellius
User/Group: pvenema/pvenema
State: TIMEOUT (exit code 0)
Nodes: 1
Cores per node: 16
CPU Utilized: 00:00:00
CPU Efficiency: 0.00% of 1-08:00:48 core-walltime
Job Wall-clock time: 02:00:03
Memory Utilized: 8.26 GB
Memory Efficiency: 25.81% of 32.00 GB (32.00 GB/node)
