2025-06-17 17:16:33.656 | INFO     | __main__:main:267 - Starting EHRSHOT dimensionality reduction analysis
2025-06-17 17:16:33.657 | INFO     | __main__:main:268 - Arguments: {'path_to_database': '../EHRSHOT_ASSETS/femr/extract', 'path_to_labels_dir': '../EHRSHOT_ASSETS/benchmark', 'path_to_features_dir': '../EHRSHOT_ASSETS/features', 'path_to_split_csv': '../EHRSHOT_ASSETS/splits/person_id_map.csv', 'tasks': ['guo_icu', 'guo_readmission', 'new_hypertension', 'lab_hyperkalemia'], 'models': ['clmbr', 'clinicalbert_type3_clinicalbert_pool'], 'dimensions': [2, 5, 10, 25, 50], 'methods': ['pca', 'umap'], 'output_dir': '../EHRSHOT_ASSETS/dimensionality_analysis'}
2025-06-17 17:16:33.657 | INFO     | __main__:run_dimensionality_analysis:77 - Starting dimensionality analysis for 4 tasks, 2 models
2025-06-17 17:16:33.657 | INFO     | __main__:run_dimensionality_analysis:78 - Testing dimensions: [2, 5, 10, 25, 50]
2025-06-17 17:16:33.657 | INFO     | __main__:run_dimensionality_analysis:79 - Using methods: ['pca', 'umap']
2025-06-17 17:16:33.657 | INFO     | __main__:run_dimensionality_analysis:82 - 
==================================================
2025-06-17 17:16:33.657 | INFO     | __main__:run_dimensionality_analysis:83 - Processing task: guo_icu
2025-06-17 17:16:33.658 | INFO     | __main__:run_dimensionality_analysis:84 - ==================================================
2025-06-17 17:16:33.684 | INFO     | __main__:run_dimensionality_analysis:90 - Loaded labeled patients for guo_icu
2025-06-17 17:16:57.369 | INFO     | __main__:run_dimensionality_analysis:107 - 
Processing model: clmbr
2025-06-17 17:16:57.375 | INFO     | __main__:run_dimensionality_analysis:126 - Data shapes - Train: (2402, 768), Val: (2052, 768), Test: (2037, 768)
2025-06-17 17:16:57.376 | INFO     | __main__:run_dimensionality_analysis:127 - Label distribution - Train: 0.047, Val: 0.045, Test: 0.042
2025-06-17 17:16:57.377 | INFO     | __main__:run_dimensionality_analysis:134 - 
  Testing method: pca
2025-06-17 17:16:57.377 | INFO     | __main__:run_dimensionality_analysis:141 -     Reducing to 2 dimensions...
2025-06-17 17:16:57.378 | INFO     | reducers:fit_transform:43 - Applying PCA to reduce from 768 to 2 dimensions
2025-06-17 17:16:57.471 | INFO     | __main__:run_dimensionality_analysis:150 -     Reduced shape: (4454, 2)
2025-06-17 17:16:58.396 | INFO     | __main__:run_dimensionality_analysis:166 -     Results: AUROC=0.559, AUPRC=0.062
2025-06-17 17:16:58.398 | INFO     | __main__:run_dimensionality_analysis:141 -     Reducing to 5 dimensions...
2025-06-17 17:16:58.398 | INFO     | reducers:fit_transform:43 - Applying PCA to reduce from 768 to 5 dimensions
2025-06-17 17:16:58.504 | INFO     | __main__:run_dimensionality_analysis:150 -     Reduced shape: (4454, 5)
2025-06-17 17:16:59.428 | INFO     | __main__:run_dimensionality_analysis:166 -     Results: AUROC=0.636, AUPRC=0.093
2025-06-17 17:16:59.428 | INFO     | __main__:run_dimensionality_analysis:141 -     Reducing to 10 dimensions...
2025-06-17 17:16:59.428 | INFO     | reducers:fit_transform:43 - Applying PCA to reduce from 768 to 10 dimensions
2025-06-17 17:16:59.528 | INFO     | __main__:run_dimensionality_analysis:150 -     Reduced shape: (4454, 10)
2025-06-17 17:17:00.722 | INFO     | __main__:run_dimensionality_analysis:166 -     Results: AUROC=0.650, AUPRC=0.137
2025-06-17 17:17:00.723 | INFO     | __main__:run_dimensionality_analysis:141 -     Reducing to 25 dimensions...
2025-06-17 17:17:00.723 | INFO     | reducers:fit_transform:43 - Applying PCA to reduce from 768 to 25 dimensions
2025-06-17 17:17:00.878 | INFO     | __main__:run_dimensionality_analysis:150 -     Reduced shape: (4454, 25)
2025-06-17 17:17:02.663 | INFO     | __main__:run_dimensionality_analysis:166 -     Results: AUROC=0.708, AUPRC=0.209
2025-06-17 17:17:02.664 | INFO     | __main__:run_dimensionality_analysis:141 -     Reducing to 50 dimensions...
2025-06-17 17:17:02.665 | INFO     | reducers:fit_transform:43 - Applying PCA to reduce from 768 to 50 dimensions
2025-06-17 17:17:04.230 | INFO     | __main__:run_dimensionality_analysis:150 -     Reduced shape: (4454, 50)
2025-06-17 17:17:05.940 | INFO     | __main__:run_dimensionality_analysis:166 -     Results: AUROC=0.726, AUPRC=0.248
2025-06-17 17:17:05.941 | INFO     | __main__:run_dimensionality_analysis:134 - 
  Testing method: umap
2025-06-17 17:17:05.941 | INFO     | __main__:run_dimensionality_analysis:141 -     Reducing to 2 dimensions...
2025-06-17 17:17:05.941 | INFO     | reducers:fit_transform:109 - Applying UMAP to reduce from 768 to 2 dimensions
2025-06-17 17:17:05.941 | INFO     | reducers:fit_transform:110 - Using n_neighbors: 15
/home/pvenema/.conda/envs/EHRSHOT_ENV/lib/python3.10/site-packages/umap/umap_.py:1952: UserWarning: n_jobs value 1 overridden to 1 by setting random_state. Use no seed for parallelism.
  warn(
2025-06-17 17:17:30.016 | INFO     | __main__:run_dimensionality_analysis:150 -     Reduced shape: (4454, 2)
2025-06-17 17:17:30.748 | INFO     | __main__:run_dimensionality_analysis:166 -     Results: AUROC=0.696, AUPRC=0.189
2025-06-17 17:17:30.749 | INFO     | __main__:run_dimensionality_analysis:141 -     Reducing to 5 dimensions...
2025-06-17 17:17:30.751 | INFO     | reducers:fit_transform:109 - Applying UMAP to reduce from 768 to 5 dimensions
2025-06-17 17:17:30.751 | INFO     | reducers:fit_transform:110 - Using n_neighbors: 15
/home/pvenema/.conda/envs/EHRSHOT_ENV/lib/python3.10/site-packages/umap/umap_.py:1952: UserWarning: n_jobs value 1 overridden to 1 by setting random_state. Use no seed for parallelism.
  warn(
2025-06-17 17:17:38.131 | INFO     | __main__:run_dimensionality_analysis:150 -     Reduced shape: (4454, 5)
2025-06-17 17:17:39.134 | INFO     | __main__:run_dimensionality_analysis:166 -     Results: AUROC=0.684, AUPRC=0.159
2025-06-17 17:17:39.135 | INFO     | __main__:run_dimensionality_analysis:141 -     Reducing to 10 dimensions...
2025-06-17 17:17:39.137 | INFO     | reducers:fit_transform:109 - Applying UMAP to reduce from 768 to 10 dimensions
2025-06-17 17:17:39.137 | INFO     | reducers:fit_transform:110 - Using n_neighbors: 15
/home/pvenema/.conda/envs/EHRSHOT_ENV/lib/python3.10/site-packages/umap/umap_.py:1952: UserWarning: n_jobs value 1 overridden to 1 by setting random_state. Use no seed for parallelism.
  warn(
2025-06-17 17:17:47.627 | INFO     | __main__:run_dimensionality_analysis:150 -     Reduced shape: (4454, 10)
2025-06-17 17:17:48.681 | INFO     | __main__:run_dimensionality_analysis:166 -     Results: AUROC=0.688, AUPRC=0.156
2025-06-17 17:17:48.683 | INFO     | __main__:run_dimensionality_analysis:141 -     Reducing to 25 dimensions...
2025-06-17 17:17:48.684 | INFO     | reducers:fit_transform:109 - Applying UMAP to reduce from 768 to 25 dimensions
2025-06-17 17:17:48.685 | INFO     | reducers:fit_transform:110 - Using n_neighbors: 15
/home/pvenema/.conda/envs/EHRSHOT_ENV/lib/python3.10/site-packages/umap/umap_.py:1952: UserWarning: n_jobs value 1 overridden to 1 by setting random_state. Use no seed for parallelism.
  warn(
2025-06-17 17:18:00.901 | INFO     | __main__:run_dimensionality_analysis:150 -     Reduced shape: (4454, 25)
2025-06-17 17:18:02.125 | INFO     | __main__:run_dimensionality_analysis:166 -     Results: AUROC=0.703, AUPRC=0.184
2025-06-17 17:18:02.125 | INFO     | __main__:run_dimensionality_analysis:141 -     Reducing to 50 dimensions...
2025-06-17 17:18:02.127 | INFO     | reducers:fit_transform:109 - Applying UMAP to reduce from 768 to 50 dimensions
2025-06-17 17:18:02.127 | INFO     | reducers:fit_transform:110 - Using n_neighbors: 15
/home/pvenema/.conda/envs/EHRSHOT_ENV/lib/python3.10/site-packages/umap/umap_.py:1952: UserWarning: n_jobs value 1 overridden to 1 by setting random_state. Use no seed for parallelism.
  warn(
2025-06-17 17:18:17.899 | INFO     | __main__:run_dimensionality_analysis:150 -     Reduced shape: (4454, 50)
2025-06-17 17:18:19.168 | INFO     | __main__:run_dimensionality_analysis:166 -     Results: AUROC=0.701, AUPRC=0.172
2025-06-17 17:18:19.168 | INFO     | __main__:run_dimensionality_analysis:107 - 
Processing model: clinicalbert_type3_clinicalbert_pool
2025-06-17 17:18:19.172 | INFO     | __main__:run_dimensionality_analysis:126 - Data shapes - Train: (2402, 768), Val: (2052, 768), Test: (2037, 768)
2025-06-17 17:18:19.172 | INFO     | __main__:run_dimensionality_analysis:127 - Label distribution - Train: 0.047, Val: 0.045, Test: 0.042
2025-06-17 17:18:19.174 | INFO     | __main__:run_dimensionality_analysis:134 - 
  Testing method: pca
2025-06-17 17:18:19.175 | INFO     | __main__:run_dimensionality_analysis:141 -     Reducing to 2 dimensions...
2025-06-17 17:18:19.178 | INFO     | reducers:fit_transform:43 - Applying PCA to reduce from 768 to 2 dimensions
2025-06-17 17:18:19.254 | INFO     | __main__:run_dimensionality_analysis:150 -     Reduced shape: (4454, 2)
2025-06-17 17:18:20.096 | INFO     | __main__:run_dimensionality_analysis:166 -     Results: AUROC=0.545, AUPRC=0.053
2025-06-17 17:18:20.096 | INFO     | __main__:run_dimensionality_analysis:141 -     Reducing to 5 dimensions...
2025-06-17 17:18:20.096 | INFO     | reducers:fit_transform:43 - Applying PCA to reduce from 768 to 5 dimensions
2025-06-17 17:18:20.177 | INFO     | __main__:run_dimensionality_analysis:150 -     Reduced shape: (4454, 5)
2025-06-17 17:18:21.063 | INFO     | __main__:run_dimensionality_analysis:166 -     Results: AUROC=0.581, AUPRC=0.065
2025-06-17 17:18:21.063 | INFO     | __main__:run_dimensionality_analysis:141 -     Reducing to 10 dimensions...
2025-06-17 17:18:21.063 | INFO     | reducers:fit_transform:43 - Applying PCA to reduce from 768 to 10 dimensions
2025-06-17 17:18:21.141 | INFO     | __main__:run_dimensionality_analysis:150 -     Reduced shape: (4454, 10)
2025-06-17 17:18:22.314 | INFO     | __main__:run_dimensionality_analysis:166 -     Results: AUROC=0.617, AUPRC=0.085
2025-06-17 17:18:22.314 | INFO     | __main__:run_dimensionality_analysis:141 -     Reducing to 25 dimensions...
2025-06-17 17:18:22.315 | INFO     | reducers:fit_transform:43 - Applying PCA to reduce from 768 to 25 dimensions
2025-06-17 17:18:22.407 | INFO     | __main__:run_dimensionality_analysis:150 -     Reduced shape: (4454, 25)
2025-06-17 17:18:24.058 | INFO     | __main__:run_dimensionality_analysis:166 -     Results: AUROC=0.618, AUPRC=0.090
2025-06-17 17:18:24.059 | INFO     | __main__:run_dimensionality_analysis:141 -     Reducing to 50 dimensions...
2025-06-17 17:18:24.059 | INFO     | reducers:fit_transform:43 - Applying PCA to reduce from 768 to 50 dimensions
2025-06-17 17:18:24.385 | INFO     | __main__:run_dimensionality_analysis:150 -     Reduced shape: (4454, 50)
2025-06-17 17:18:25.847 | INFO     | __main__:run_dimensionality_analysis:166 -     Results: AUROC=0.622, AUPRC=0.094
2025-06-17 17:18:25.847 | INFO     | __main__:run_dimensionality_analysis:134 - 
  Testing method: umap
2025-06-17 17:18:25.847 | INFO     | __main__:run_dimensionality_analysis:141 -     Reducing to 2 dimensions...
2025-06-17 17:18:25.848 | INFO     | reducers:fit_transform:109 - Applying UMAP to reduce from 768 to 2 dimensions
2025-06-17 17:18:25.848 | INFO     | reducers:fit_transform:110 - Using n_neighbors: 15
/home/pvenema/.conda/envs/EHRSHOT_ENV/lib/python3.10/site-packages/umap/umap_.py:1952: UserWarning: n_jobs value 1 overridden to 1 by setting random_state. Use no seed for parallelism.
  warn(
2025-06-17 17:18:32.417 | INFO     | __main__:run_dimensionality_analysis:150 -     Reduced shape: (4454, 2)
2025-06-17 17:18:33.123 | INFO     | __main__:run_dimensionality_analysis:166 -     Results: AUROC=0.586, AUPRC=0.096
2025-06-17 17:18:33.123 | INFO     | __main__:run_dimensionality_analysis:141 -     Reducing to 5 dimensions...
2025-06-17 17:18:33.125 | INFO     | reducers:fit_transform:109 - Applying UMAP to reduce from 768 to 5 dimensions
2025-06-17 17:18:33.125 | INFO     | reducers:fit_transform:110 - Using n_neighbors: 15
/home/pvenema/.conda/envs/EHRSHOT_ENV/lib/python3.10/site-packages/umap/umap_.py:1952: UserWarning: n_jobs value 1 overridden to 1 by setting random_state. Use no seed for parallelism.
  warn(
2025-06-17 17:18:40.645 | INFO     | __main__:run_dimensionality_analysis:150 -     Reduced shape: (4454, 5)
2025-06-17 17:18:41.423 | INFO     | __main__:run_dimensionality_analysis:166 -     Results: AUROC=0.612, AUPRC=0.097
2025-06-17 17:18:41.424 | INFO     | __main__:run_dimensionality_analysis:141 -     Reducing to 10 dimensions...
2025-06-17 17:18:41.427 | INFO     | reducers:fit_transform:109 - Applying UMAP to reduce from 768 to 10 dimensions
2025-06-17 17:18:41.427 | INFO     | reducers:fit_transform:110 - Using n_neighbors: 15
/home/pvenema/.conda/envs/EHRSHOT_ENV/lib/python3.10/site-packages/umap/umap_.py:1952: UserWarning: n_jobs value 1 overridden to 1 by setting random_state. Use no seed for parallelism.
  warn(
2025-06-17 17:18:50.029 | INFO     | __main__:run_dimensionality_analysis:150 -     Reduced shape: (4454, 10)
2025-06-17 17:18:50.881 | INFO     | __main__:run_dimensionality_analysis:166 -     Results: AUROC=0.624, AUPRC=0.105
2025-06-17 17:18:50.881 | INFO     | __main__:run_dimensionality_analysis:141 -     Reducing to 25 dimensions...
2025-06-17 17:18:50.883 | INFO     | reducers:fit_transform:109 - Applying UMAP to reduce from 768 to 25 dimensions
2025-06-17 17:18:50.884 | INFO     | reducers:fit_transform:110 - Using n_neighbors: 15
/home/pvenema/.conda/envs/EHRSHOT_ENV/lib/python3.10/site-packages/umap/umap_.py:1952: UserWarning: n_jobs value 1 overridden to 1 by setting random_state. Use no seed for parallelism.
  warn(
2025-06-17 17:19:03.376 | INFO     | __main__:run_dimensionality_analysis:150 -     Reduced shape: (4454, 25)
2025-06-17 17:19:04.685 | INFO     | __main__:run_dimensionality_analysis:166 -     Results: AUROC=0.620, AUPRC=0.102
2025-06-17 17:19:04.685 | INFO     | __main__:run_dimensionality_analysis:141 -     Reducing to 50 dimensions...
2025-06-17 17:19:04.687 | INFO     | reducers:fit_transform:109 - Applying UMAP to reduce from 768 to 50 dimensions
2025-06-17 17:19:04.687 | INFO     | reducers:fit_transform:110 - Using n_neighbors: 15
/home/pvenema/.conda/envs/EHRSHOT_ENV/lib/python3.10/site-packages/umap/umap_.py:1952: UserWarning: n_jobs value 1 overridden to 1 by setting random_state. Use no seed for parallelism.
  warn(
2025-06-17 17:19:20.910 | INFO     | __main__:run_dimensionality_analysis:150 -     Reduced shape: (4454, 50)
2025-06-17 17:19:21.984 | INFO     | __main__:run_dimensionality_analysis:166 -     Results: AUROC=0.608, AUPRC=0.097
2025-06-17 17:19:21.984 | INFO     | __main__:run_dimensionality_analysis:82 - 
==================================================
2025-06-17 17:19:21.984 | INFO     | __main__:run_dimensionality_analysis:83 - Processing task: guo_readmission
2025-06-17 17:19:21.984 | INFO     | __main__:run_dimensionality_analysis:84 - ==================================================
2025-06-17 17:19:22.015 | INFO     | __main__:run_dimensionality_analysis:90 - Loaded labeled patients for guo_readmission
2025-06-17 17:19:45.457 | INFO     | __main__:run_dimensionality_analysis:107 - 
Processing model: clmbr
2025-06-17 17:19:45.461 | INFO     | __main__:run_dimensionality_analysis:126 - Data shapes - Train: (2608, 768), Val: (2206, 768), Test: (2189, 768)
2025-06-17 17:19:45.462 | INFO     | __main__:run_dimensionality_analysis:127 - Label distribution - Train: 0.142, Val: 0.127, Test: 0.119
2025-06-17 17:19:45.463 | INFO     | __main__:run_dimensionality_analysis:134 - 
  Testing method: pca
2025-06-17 17:19:45.463 | INFO     | __main__:run_dimensionality_analysis:141 -     Reducing to 2 dimensions...
2025-06-17 17:19:45.466 | INFO     | reducers:fit_transform:43 - Applying PCA to reduce from 768 to 2 dimensions
2025-06-17 17:19:45.580 | INFO     | __main__:run_dimensionality_analysis:150 -     Reduced shape: (4814, 2)
2025-06-17 17:19:46.623 | INFO     | __main__:run_dimensionality_analysis:166 -     Results: AUROC=0.601, AUPRC=0.181
2025-06-17 17:19:46.623 | INFO     | __main__:run_dimensionality_analysis:141 -     Reducing to 5 dimensions...
2025-06-17 17:19:46.623 | INFO     | reducers:fit_transform:43 - Applying PCA to reduce from 768 to 5 dimensions
2025-06-17 17:19:46.716 | INFO     | __main__:run_dimensionality_analysis:150 -     Reduced shape: (4814, 5)
2025-06-17 17:19:47.889 | INFO     | __main__:run_dimensionality_analysis:166 -     Results: AUROC=0.704, AUPRC=0.323
2025-06-17 17:19:47.889 | INFO     | __main__:run_dimensionality_analysis:141 -     Reducing to 10 dimensions...
2025-06-17 17:19:47.889 | INFO     | reducers:fit_transform:43 - Applying PCA to reduce from 768 to 10 dimensions
2025-06-17 17:19:47.980 | INFO     | __main__:run_dimensionality_analysis:150 -     Reduced shape: (4814, 10)
2025-06-17 17:19:49.567 | INFO     | __main__:run_dimensionality_analysis:166 -     Results: AUROC=0.717, AUPRC=0.347
2025-06-17 17:19:49.568 | INFO     | __main__:run_dimensionality_analysis:141 -     Reducing to 25 dimensions...
2025-06-17 17:19:49.568 | INFO     | reducers:fit_transform:43 - Applying PCA to reduce from 768 to 25 dimensions
2025-06-17 17:19:49.768 | INFO     | __main__:run_dimensionality_analysis:150 -     Reduced shape: (4814, 25)
2025-06-17 17:19:51.276 | INFO     | __main__:run_dimensionality_analysis:166 -     Results: AUROC=0.728, AUPRC=0.381
2025-06-17 17:19:51.278 | INFO     | __main__:run_dimensionality_analysis:141 -     Reducing to 50 dimensions...
2025-06-17 17:19:51.278 | INFO     | reducers:fit_transform:43 - Applying PCA to reduce from 768 to 50 dimensions
2025-06-17 17:19:52.680 | INFO     | __main__:run_dimensionality_analysis:150 -     Reduced shape: (4814, 50)
2025-06-17 17:19:54.697 | INFO     | __main__:run_dimensionality_analysis:166 -     Results: AUROC=0.734, AUPRC=0.383
2025-06-17 17:19:54.697 | INFO     | __main__:run_dimensionality_analysis:134 - 
  Testing method: umap
2025-06-17 17:19:54.697 | INFO     | __main__:run_dimensionality_analysis:141 -     Reducing to 2 dimensions...
2025-06-17 17:19:54.698 | INFO     | reducers:fit_transform:109 - Applying UMAP to reduce from 768 to 2 dimensions
2025-06-17 17:19:54.698 | INFO     | reducers:fit_transform:110 - Using n_neighbors: 15
/home/pvenema/.conda/envs/EHRSHOT_ENV/lib/python3.10/site-packages/umap/umap_.py:1952: UserWarning: n_jobs value 1 overridden to 1 by setting random_state. Use no seed for parallelism.
  warn(
2025-06-17 17:20:01.892 | INFO     | __main__:run_dimensionality_analysis:150 -     Reduced shape: (4814, 2)
2025-06-17 17:20:02.727 | INFO     | __main__:run_dimensionality_analysis:166 -     Results: AUROC=0.715, AUPRC=0.365
2025-06-17 17:20:02.728 | INFO     | __main__:run_dimensionality_analysis:141 -     Reducing to 5 dimensions...
2025-06-17 17:20:02.730 | INFO     | reducers:fit_transform:109 - Applying UMAP to reduce from 768 to 5 dimensions
2025-06-17 17:20:02.730 | INFO     | reducers:fit_transform:110 - Using n_neighbors: 15
/home/pvenema/.conda/envs/EHRSHOT_ENV/lib/python3.10/site-packages/umap/umap_.py:1952: UserWarning: n_jobs value 1 overridden to 1 by setting random_state. Use no seed for parallelism.
  warn(
2025-06-17 17:20:10.912 | INFO     | __main__:run_dimensionality_analysis:150 -     Reduced shape: (4814, 5)
2025-06-17 17:20:11.812 | INFO     | __main__:run_dimensionality_analysis:166 -     Results: AUROC=0.722, AUPRC=0.378
2025-06-17 17:20:11.813 | INFO     | __main__:run_dimensionality_analysis:141 -     Reducing to 10 dimensions...
2025-06-17 17:20:11.816 | INFO     | reducers:fit_transform:109 - Applying UMAP to reduce from 768 to 10 dimensions
2025-06-17 17:20:11.816 | INFO     | reducers:fit_transform:110 - Using n_neighbors: 15
/home/pvenema/.conda/envs/EHRSHOT_ENV/lib/python3.10/site-packages/umap/umap_.py:1952: UserWarning: n_jobs value 1 overridden to 1 by setting random_state. Use no seed for parallelism.
  warn(
2025-06-17 17:20:21.194 | INFO     | __main__:run_dimensionality_analysis:150 -     Reduced shape: (4814, 10)
2025-06-17 17:20:22.207 | INFO     | __main__:run_dimensionality_analysis:166 -     Results: AUROC=0.713, AUPRC=0.378
2025-06-17 17:20:22.207 | INFO     | __main__:run_dimensionality_analysis:141 -     Reducing to 25 dimensions...
2025-06-17 17:20:22.210 | INFO     | reducers:fit_transform:109 - Applying UMAP to reduce from 768 to 25 dimensions
2025-06-17 17:20:22.210 | INFO     | reducers:fit_transform:110 - Using n_neighbors: 15
/home/pvenema/.conda/envs/EHRSHOT_ENV/lib/python3.10/site-packages/umap/umap_.py:1952: UserWarning: n_jobs value 1 overridden to 1 by setting random_state. Use no seed for parallelism.
  warn(
2025-06-17 17:20:35.587 | INFO     | __main__:run_dimensionality_analysis:150 -     Reduced shape: (4814, 25)
2025-06-17 17:20:37.118 | INFO     | __main__:run_dimensionality_analysis:166 -     Results: AUROC=0.719, AUPRC=0.369
2025-06-17 17:20:37.118 | INFO     | __main__:run_dimensionality_analysis:141 -     Reducing to 50 dimensions...
2025-06-17 17:20:37.121 | INFO     | reducers:fit_transform:109 - Applying UMAP to reduce from 768 to 50 dimensions
2025-06-17 17:20:37.121 | INFO     | reducers:fit_transform:110 - Using n_neighbors: 15
/home/pvenema/.conda/envs/EHRSHOT_ENV/lib/python3.10/site-packages/umap/umap_.py:1952: UserWarning: n_jobs value 1 overridden to 1 by setting random_state. Use no seed for parallelism.
  warn(
2025-06-17 17:20:54.395 | INFO     | __main__:run_dimensionality_analysis:150 -     Reduced shape: (4814, 50)
2025-06-17 17:20:55.884 | INFO     | __main__:run_dimensionality_analysis:166 -     Results: AUROC=0.717, AUPRC=0.375
2025-06-17 17:20:55.884 | INFO     | __main__:run_dimensionality_analysis:107 - 
Processing model: clinicalbert_type3_clinicalbert_pool
2025-06-17 17:20:55.889 | INFO     | __main__:run_dimensionality_analysis:126 - Data shapes - Train: (2608, 768), Val: (2206, 768), Test: (2189, 768)
2025-06-17 17:20:55.890 | INFO     | __main__:run_dimensionality_analysis:127 - Label distribution - Train: 0.142, Val: 0.127, Test: 0.119
2025-06-17 17:20:55.892 | INFO     | __main__:run_dimensionality_analysis:134 - 
  Testing method: pca
2025-06-17 17:20:55.892 | INFO     | __main__:run_dimensionality_analysis:141 -     Reducing to 2 dimensions...
2025-06-17 17:20:55.895 | INFO     | reducers:fit_transform:43 - Applying PCA to reduce from 768 to 2 dimensions
2025-06-17 17:20:55.939 | INFO     | __main__:run_dimensionality_analysis:150 -     Reduced shape: (4814, 2)
2025-06-17 17:20:56.809 | INFO     | __main__:run_dimensionality_analysis:166 -     Results: AUROC=0.639, AUPRC=0.237
2025-06-17 17:20:56.809 | INFO     | __main__:run_dimensionality_analysis:141 -     Reducing to 5 dimensions...
2025-06-17 17:20:56.809 | INFO     | reducers:fit_transform:43 - Applying PCA to reduce from 768 to 5 dimensions
2025-06-17 17:20:56.851 | INFO     | __main__:run_dimensionality_analysis:150 -     Reduced shape: (4814, 5)
2025-06-17 17:20:57.887 | INFO     | __main__:run_dimensionality_analysis:166 -     Results: AUROC=0.700, AUPRC=0.309
2025-06-17 17:20:57.887 | INFO     | __main__:run_dimensionality_analysis:141 -     Reducing to 10 dimensions...
2025-06-17 17:20:57.888 | INFO     | reducers:fit_transform:43 - Applying PCA to reduce from 768 to 10 dimensions
2025-06-17 17:20:57.942 | INFO     | __main__:run_dimensionality_analysis:150 -     Reduced shape: (4814, 10)
2025-06-17 17:20:59.316 | INFO     | __main__:run_dimensionality_analysis:166 -     Results: AUROC=0.709, AUPRC=0.331
2025-06-17 17:20:59.317 | INFO     | __main__:run_dimensionality_analysis:141 -     Reducing to 25 dimensions...
2025-06-17 17:20:59.317 | INFO     | reducers:fit_transform:43 - Applying PCA to reduce from 768 to 25 dimensions
2025-06-17 17:20:59.409 | INFO     | __main__:run_dimensionality_analysis:150 -     Reduced shape: (4814, 25)
2025-06-17 17:21:01.024 | INFO     | __main__:run_dimensionality_analysis:166 -     Results: AUROC=0.721, AUPRC=0.368
2025-06-17 17:21:01.024 | INFO     | __main__:run_dimensionality_analysis:141 -     Reducing to 50 dimensions...
2025-06-17 17:21:01.025 | INFO     | reducers:fit_transform:43 - Applying PCA to reduce from 768 to 50 dimensions
2025-06-17 17:21:01.943 | INFO     | __main__:run_dimensionality_analysis:150 -     Reduced shape: (4814, 50)
2025-06-17 17:21:03.927 | INFO     | __main__:run_dimensionality_analysis:166 -     Results: AUROC=0.718, AUPRC=0.370
2025-06-17 17:21:03.927 | INFO     | __main__:run_dimensionality_analysis:134 - 
  Testing method: umap
2025-06-17 17:21:03.928 | INFO     | __main__:run_dimensionality_analysis:141 -     Reducing to 2 dimensions...
2025-06-17 17:21:03.928 | INFO     | reducers:fit_transform:109 - Applying UMAP to reduce from 768 to 2 dimensions
2025-06-17 17:21:03.928 | INFO     | reducers:fit_transform:110 - Using n_neighbors: 15
/home/pvenema/.conda/envs/EHRSHOT_ENV/lib/python3.10/site-packages/umap/umap_.py:1952: UserWarning: n_jobs value 1 overridden to 1 by setting random_state. Use no seed for parallelism.
  warn(
2025-06-17 17:21:11.096 | INFO     | __main__:run_dimensionality_analysis:150 -     Reduced shape: (4814, 2)
2025-06-17 17:21:11.898 | INFO     | __main__:run_dimensionality_analysis:166 -     Results: AUROC=0.694, AUPRC=0.324
2025-06-17 17:21:11.898 | INFO     | __main__:run_dimensionality_analysis:141 -     Reducing to 5 dimensions...
2025-06-17 17:21:11.900 | INFO     | reducers:fit_transform:109 - Applying UMAP to reduce from 768 to 5 dimensions
2025-06-17 17:21:11.900 | INFO     | reducers:fit_transform:110 - Using n_neighbors: 15
/home/pvenema/.conda/envs/EHRSHOT_ENV/lib/python3.10/site-packages/umap/umap_.py:1952: UserWarning: n_jobs value 1 overridden to 1 by setting random_state. Use no seed for parallelism.
  warn(
2025-06-17 17:21:20.031 | INFO     | __main__:run_dimensionality_analysis:150 -     Reduced shape: (4814, 5)
2025-06-17 17:21:21.165 | INFO     | __main__:run_dimensionality_analysis:166 -     Results: AUROC=0.695, AUPRC=0.331
2025-06-17 17:21:21.165 | INFO     | __main__:run_dimensionality_analysis:141 -     Reducing to 10 dimensions...
2025-06-17 17:21:21.167 | INFO     | reducers:fit_transform:109 - Applying UMAP to reduce from 768 to 10 dimensions
2025-06-17 17:21:21.168 | INFO     | reducers:fit_transform:110 - Using n_neighbors: 15
/home/pvenema/.conda/envs/EHRSHOT_ENV/lib/python3.10/site-packages/umap/umap_.py:1952: UserWarning: n_jobs value 1 overridden to 1 by setting random_state. Use no seed for parallelism.
  warn(
2025-06-17 17:21:30.451 | INFO     | __main__:run_dimensionality_analysis:150 -     Reduced shape: (4814, 10)
2025-06-17 17:21:31.666 | INFO     | __main__:run_dimensionality_analysis:166 -     Results: AUROC=0.700, AUPRC=0.336
2025-06-17 17:21:31.666 | INFO     | __main__:run_dimensionality_analysis:141 -     Reducing to 25 dimensions...
2025-06-17 17:21:31.668 | INFO     | reducers:fit_transform:109 - Applying UMAP to reduce from 768 to 25 dimensions
2025-06-17 17:21:31.668 | INFO     | reducers:fit_transform:110 - Using n_neighbors: 15
/home/pvenema/.conda/envs/EHRSHOT_ENV/lib/python3.10/site-packages/umap/umap_.py:1952: UserWarning: n_jobs value 1 overridden to 1 by setting random_state. Use no seed for parallelism.
  warn(
2025-06-17 17:21:45.276 | INFO     | __main__:run_dimensionality_analysis:150 -     Reduced shape: (4814, 25)
2025-06-17 17:21:46.778 | INFO     | __main__:run_dimensionality_analysis:166 -     Results: AUROC=0.703, AUPRC=0.336
2025-06-17 17:21:46.778 | INFO     | __main__:run_dimensionality_analysis:141 -     Reducing to 50 dimensions...
2025-06-17 17:21:46.781 | INFO     | reducers:fit_transform:109 - Applying UMAP to reduce from 768 to 50 dimensions
2025-06-17 17:21:46.781 | INFO     | reducers:fit_transform:110 - Using n_neighbors: 15
/home/pvenema/.conda/envs/EHRSHOT_ENV/lib/python3.10/site-packages/umap/umap_.py:1952: UserWarning: n_jobs value 1 overridden to 1 by setting random_state. Use no seed for parallelism.
  warn(
2025-06-17 17:22:04.123 | INFO     | __main__:run_dimensionality_analysis:150 -     Reduced shape: (4814, 50)
2025-06-17 17:22:05.498 | INFO     | __main__:run_dimensionality_analysis:166 -     Results: AUROC=0.699, AUPRC=0.321
2025-06-17 17:22:05.499 | INFO     | __main__:run_dimensionality_analysis:82 - 
==================================================
2025-06-17 17:22:05.499 | INFO     | __main__:run_dimensionality_analysis:83 - Processing task: new_hypertension
2025-06-17 17:22:05.499 | INFO     | __main__:run_dimensionality_analysis:84 - ==================================================
2025-06-17 17:22:05.520 | INFO     | __main__:run_dimensionality_analysis:90 - Loaded labeled patients for new_hypertension
2025-06-17 17:22:20.991 | INFO     | __main__:run_dimensionality_analysis:107 - 
Processing model: clmbr
2025-06-17 17:22:20.993 | INFO     | __main__:run_dimensionality_analysis:126 - Data shapes - Train: (1259, 768), Val: (1247, 768), Test: (1258, 768)
2025-06-17 17:22:20.993 | INFO     | __main__:run_dimensionality_analysis:127 - Label distribution - Train: 0.145, Val: 0.140, Test: 0.126
2025-06-17 17:22:20.994 | INFO     | __main__:run_dimensionality_analysis:134 - 
  Testing method: pca
2025-06-17 17:22:20.994 | INFO     | __main__:run_dimensionality_analysis:141 -     Reducing to 2 dimensions...
2025-06-17 17:22:20.996 | INFO     | reducers:fit_transform:43 - Applying PCA to reduce from 768 to 2 dimensions
2025-06-17 17:22:21.077 | INFO     | __main__:run_dimensionality_analysis:150 -     Reduced shape: (2506, 2)
2025-06-17 17:22:21.520 | INFO     | __main__:run_dimensionality_analysis:166 -     Results: AUROC=0.607, AUPRC=0.201
2025-06-17 17:22:21.520 | INFO     | __main__:run_dimensionality_analysis:141 -     Reducing to 5 dimensions...
2025-06-17 17:22:21.521 | INFO     | reducers:fit_transform:43 - Applying PCA to reduce from 768 to 5 dimensions
2025-06-17 17:22:21.580 | INFO     | __main__:run_dimensionality_analysis:150 -     Reduced shape: (2506, 5)
2025-06-17 17:22:21.992 | INFO     | __main__:run_dimensionality_analysis:166 -     Results: AUROC=0.641, AUPRC=0.232
2025-06-17 17:22:21.992 | INFO     | __main__:run_dimensionality_analysis:141 -     Reducing to 10 dimensions...
2025-06-17 17:22:21.992 | INFO     | reducers:fit_transform:43 - Applying PCA to reduce from 768 to 10 dimensions
2025-06-17 17:22:22.053 | INFO     | __main__:run_dimensionality_analysis:150 -     Reduced shape: (2506, 10)
2025-06-17 17:22:22.629 | INFO     | __main__:run_dimensionality_analysis:166 -     Results: AUROC=0.655, AUPRC=0.240
2025-06-17 17:22:22.629 | INFO     | __main__:run_dimensionality_analysis:141 -     Reducing to 25 dimensions...
2025-06-17 17:22:22.630 | INFO     | reducers:fit_transform:43 - Applying PCA to reduce from 768 to 25 dimensions
2025-06-17 17:22:22.723 | INFO     | __main__:run_dimensionality_analysis:150 -     Reduced shape: (2506, 25)
2025-06-17 17:22:23.513 | INFO     | __main__:run_dimensionality_analysis:166 -     Results: AUROC=0.697, AUPRC=0.296
2025-06-17 17:22:23.514 | INFO     | __main__:run_dimensionality_analysis:141 -     Reducing to 50 dimensions...
2025-06-17 17:22:23.514 | INFO     | reducers:fit_transform:43 - Applying PCA to reduce from 768 to 50 dimensions
2025-06-17 17:22:24.724 | INFO     | __main__:run_dimensionality_analysis:150 -     Reduced shape: (2506, 50)
2025-06-17 17:22:25.510 | INFO     | __main__:run_dimensionality_analysis:166 -     Results: AUROC=0.700, AUPRC=0.310
2025-06-17 17:22:25.511 | INFO     | __main__:run_dimensionality_analysis:134 - 
  Testing method: umap
2025-06-17 17:22:25.511 | INFO     | __main__:run_dimensionality_analysis:141 -     Reducing to 2 dimensions...
2025-06-17 17:22:25.511 | INFO     | reducers:fit_transform:109 - Applying UMAP to reduce from 768 to 2 dimensions
2025-06-17 17:22:25.511 | INFO     | reducers:fit_transform:110 - Using n_neighbors: 15
/home/pvenema/.conda/envs/EHRSHOT_ENV/lib/python3.10/site-packages/umap/umap_.py:1952: UserWarning: n_jobs value 1 overridden to 1 by setting random_state. Use no seed for parallelism.
  warn(
2025-06-17 17:22:37.521 | INFO     | __main__:run_dimensionality_analysis:150 -     Reduced shape: (2506, 2)
2025-06-17 17:22:37.816 | INFO     | __main__:run_dimensionality_analysis:166 -     Results: AUROC=0.677, AUPRC=0.291
2025-06-17 17:22:37.817 | INFO     | __main__:run_dimensionality_analysis:141 -     Reducing to 5 dimensions...
2025-06-17 17:22:37.817 | INFO     | reducers:fit_transform:109 - Applying UMAP to reduce from 768 to 5 dimensions
2025-06-17 17:22:37.817 | INFO     | reducers:fit_transform:110 - Using n_neighbors: 15
/home/pvenema/.conda/envs/EHRSHOT_ENV/lib/python3.10/site-packages/umap/umap_.py:1952: UserWarning: n_jobs value 1 overridden to 1 by setting random_state. Use no seed for parallelism.
  warn(
2025-06-17 17:22:46.095 | INFO     | __main__:run_dimensionality_analysis:150 -     Reduced shape: (2506, 5)
2025-06-17 17:22:46.481 | INFO     | __main__:run_dimensionality_analysis:166 -     Results: AUROC=0.692, AUPRC=0.289
2025-06-17 17:22:46.481 | INFO     | __main__:run_dimensionality_analysis:141 -     Reducing to 10 dimensions...
2025-06-17 17:22:46.482 | INFO     | reducers:fit_transform:109 - Applying UMAP to reduce from 768 to 10 dimensions
2025-06-17 17:22:46.482 | INFO     | reducers:fit_transform:110 - Using n_neighbors: 15
/home/pvenema/.conda/envs/EHRSHOT_ENV/lib/python3.10/site-packages/umap/umap_.py:1952: UserWarning: n_jobs value 1 overridden to 1 by setting random_state. Use no seed for parallelism.
  warn(
2025-06-17 17:22:55.370 | INFO     | __main__:run_dimensionality_analysis:150 -     Reduced shape: (2506, 10)
2025-06-17 17:22:55.785 | INFO     | __main__:run_dimensionality_analysis:166 -     Results: AUROC=0.688, AUPRC=0.282
2025-06-17 17:22:55.785 | INFO     | __main__:run_dimensionality_analysis:141 -     Reducing to 25 dimensions...
2025-06-17 17:22:55.785 | INFO     | reducers:fit_transform:109 - Applying UMAP to reduce from 768 to 25 dimensions
2025-06-17 17:22:55.785 | INFO     | reducers:fit_transform:110 - Using n_neighbors: 15
/home/pvenema/.conda/envs/EHRSHOT_ENV/lib/python3.10/site-packages/umap/umap_.py:1952: UserWarning: n_jobs value 1 overridden to 1 by setting random_state. Use no seed for parallelism.
  warn(
2025-06-17 17:23:06.733 | INFO     | __main__:run_dimensionality_analysis:150 -     Reduced shape: (2506, 25)
2025-06-17 17:23:07.524 | INFO     | __main__:run_dimensionality_analysis:166 -     Results: AUROC=0.688, AUPRC=0.282
2025-06-17 17:23:07.525 | INFO     | __main__:run_dimensionality_analysis:141 -     Reducing to 50 dimensions...
2025-06-17 17:23:07.525 | INFO     | reducers:fit_transform:109 - Applying UMAP to reduce from 768 to 50 dimensions
2025-06-17 17:23:07.525 | INFO     | reducers:fit_transform:110 - Using n_neighbors: 15
/home/pvenema/.conda/envs/EHRSHOT_ENV/lib/python3.10/site-packages/umap/umap_.py:1952: UserWarning: n_jobs value 1 overridden to 1 by setting random_state. Use no seed for parallelism.
  warn(
2025-06-17 17:23:20.422 | INFO     | __main__:run_dimensionality_analysis:150 -     Reduced shape: (2506, 50)
2025-06-17 17:23:21.084 | INFO     | __main__:run_dimensionality_analysis:166 -     Results: AUROC=0.679, AUPRC=0.281
2025-06-17 17:23:21.084 | INFO     | __main__:run_dimensionality_analysis:107 - 
Processing model: clinicalbert_type3_clinicalbert_pool
2025-06-17 17:23:21.087 | INFO     | __main__:run_dimensionality_analysis:126 - Data shapes - Train: (1259, 768), Val: (1247, 768), Test: (1258, 768)
2025-06-17 17:23:21.087 | INFO     | __main__:run_dimensionality_analysis:127 - Label distribution - Train: 0.145, Val: 0.140, Test: 0.126
2025-06-17 17:23:21.088 | INFO     | __main__:run_dimensionality_analysis:134 - 
  Testing method: pca
2025-06-17 17:23:21.089 | INFO     | __main__:run_dimensionality_analysis:141 -     Reducing to 2 dimensions...
2025-06-17 17:23:21.089 | INFO     | reducers:fit_transform:43 - Applying PCA to reduce from 768 to 2 dimensions
2025-06-17 17:23:21.175 | INFO     | __main__:run_dimensionality_analysis:150 -     Reduced shape: (2506, 2)
2025-06-17 17:23:21.521 | INFO     | __main__:run_dimensionality_analysis:166 -     Results: AUROC=0.596, AUPRC=0.202
2025-06-17 17:23:21.522 | INFO     | __main__:run_dimensionality_analysis:141 -     Reducing to 5 dimensions...
2025-06-17 17:23:21.522 | INFO     | reducers:fit_transform:43 - Applying PCA to reduce from 768 to 5 dimensions
2025-06-17 17:23:21.586 | INFO     | __main__:run_dimensionality_analysis:150 -     Reduced shape: (2506, 5)
2025-06-17 17:23:21.970 | INFO     | __main__:run_dimensionality_analysis:166 -     Results: AUROC=0.670, AUPRC=0.249
2025-06-17 17:23:21.972 | INFO     | __main__:run_dimensionality_analysis:141 -     Reducing to 10 dimensions...
2025-06-17 17:23:21.973 | INFO     | reducers:fit_transform:43 - Applying PCA to reduce from 768 to 10 dimensions
2025-06-17 17:23:22.014 | INFO     | __main__:run_dimensionality_analysis:150 -     Reduced shape: (2506, 10)
2025-06-17 17:23:22.502 | INFO     | __main__:run_dimensionality_analysis:166 -     Results: AUROC=0.711, AUPRC=0.307
2025-06-17 17:23:22.502 | INFO     | __main__:run_dimensionality_analysis:141 -     Reducing to 25 dimensions...
2025-06-17 17:23:22.502 | INFO     | reducers:fit_transform:43 - Applying PCA to reduce from 768 to 25 dimensions
2025-06-17 17:23:22.713 | INFO     | __main__:run_dimensionality_analysis:150 -     Reduced shape: (2506, 25)
2025-06-17 17:23:23.528 | INFO     | __main__:run_dimensionality_analysis:166 -     Results: AUROC=0.730, AUPRC=0.371
2025-06-17 17:23:23.528 | INFO     | __main__:run_dimensionality_analysis:141 -     Reducing to 50 dimensions...
2025-06-17 17:23:23.528 | INFO     | reducers:fit_transform:43 - Applying PCA to reduce from 768 to 50 dimensions
2025-06-17 17:23:24.510 | INFO     | __main__:run_dimensionality_analysis:150 -     Reduced shape: (2506, 50)
2025-06-17 17:23:25.366 | INFO     | __main__:run_dimensionality_analysis:166 -     Results: AUROC=0.738, AUPRC=0.353
2025-06-17 17:23:25.367 | INFO     | __main__:run_dimensionality_analysis:134 - 
  Testing method: umap
2025-06-17 17:23:25.367 | INFO     | __main__:run_dimensionality_analysis:141 -     Reducing to 2 dimensions...
2025-06-17 17:23:25.367 | INFO     | reducers:fit_transform:109 - Applying UMAP to reduce from 768 to 2 dimensions
2025-06-17 17:23:25.367 | INFO     | reducers:fit_transform:110 - Using n_neighbors: 15
/home/pvenema/.conda/envs/EHRSHOT_ENV/lib/python3.10/site-packages/umap/umap_.py:1952: UserWarning: n_jobs value 1 overridden to 1 by setting random_state. Use no seed for parallelism.
  warn(
2025-06-17 17:23:33.115 | INFO     | __main__:run_dimensionality_analysis:150 -     Reduced shape: (2506, 2)
2025-06-17 17:23:33.398 | INFO     | __main__:run_dimensionality_analysis:166 -     Results: AUROC=0.692, AUPRC=0.266
2025-06-17 17:23:33.399 | INFO     | __main__:run_dimensionality_analysis:141 -     Reducing to 5 dimensions...
2025-06-17 17:23:33.399 | INFO     | reducers:fit_transform:109 - Applying UMAP to reduce from 768 to 5 dimensions
2025-06-17 17:23:33.399 | INFO     | reducers:fit_transform:110 - Using n_neighbors: 15
/home/pvenema/.conda/envs/EHRSHOT_ENV/lib/python3.10/site-packages/umap/umap_.py:1952: UserWarning: n_jobs value 1 overridden to 1 by setting random_state. Use no seed for parallelism.
  warn(
2025-06-17 17:23:41.723 | INFO     | __main__:run_dimensionality_analysis:150 -     Reduced shape: (2506, 5)
2025-06-17 17:23:42.044 | INFO     | __main__:run_dimensionality_analysis:166 -     Results: AUROC=0.696, AUPRC=0.303
2025-06-17 17:23:42.044 | INFO     | __main__:run_dimensionality_analysis:141 -     Reducing to 10 dimensions...
2025-06-17 17:23:42.045 | INFO     | reducers:fit_transform:109 - Applying UMAP to reduce from 768 to 10 dimensions
2025-06-17 17:23:42.045 | INFO     | reducers:fit_transform:110 - Using n_neighbors: 15
/home/pvenema/.conda/envs/EHRSHOT_ENV/lib/python3.10/site-packages/umap/umap_.py:1952: UserWarning: n_jobs value 1 overridden to 1 by setting random_state. Use no seed for parallelism.
  warn(
2025-06-17 17:23:50.983 | INFO     | __main__:run_dimensionality_analysis:150 -     Reduced shape: (2506, 10)
2025-06-17 17:23:51.399 | INFO     | __main__:run_dimensionality_analysis:166 -     Results: AUROC=0.698, AUPRC=0.310
2025-06-17 17:23:51.399 | INFO     | __main__:run_dimensionality_analysis:141 -     Reducing to 25 dimensions...
2025-06-17 17:23:51.400 | INFO     | reducers:fit_transform:109 - Applying UMAP to reduce from 768 to 25 dimensions
2025-06-17 17:23:51.400 | INFO     | reducers:fit_transform:110 - Using n_neighbors: 15
/home/pvenema/.conda/envs/EHRSHOT_ENV/lib/python3.10/site-packages/umap/umap_.py:1952: UserWarning: n_jobs value 1 overridden to 1 by setting random_state. Use no seed for parallelism.
  warn(
2025-06-17 17:24:02.303 | INFO     | __main__:run_dimensionality_analysis:150 -     Reduced shape: (2506, 25)
2025-06-17 17:24:03.658 | INFO     | __main__:run_dimensionality_analysis:166 -     Results: AUROC=0.701, AUPRC=0.322
2025-06-17 17:24:03.659 | INFO     | __main__:run_dimensionality_analysis:141 -     Reducing to 50 dimensions...
2025-06-17 17:24:03.659 | INFO     | reducers:fit_transform:109 - Applying UMAP to reduce from 768 to 50 dimensions
2025-06-17 17:24:03.659 | INFO     | reducers:fit_transform:110 - Using n_neighbors: 15
/home/pvenema/.conda/envs/EHRSHOT_ENV/lib/python3.10/site-packages/umap/umap_.py:1952: UserWarning: n_jobs value 1 overridden to 1 by setting random_state. Use no seed for parallelism.
  warn(
2025-06-17 17:24:16.589 | INFO     | __main__:run_dimensionality_analysis:150 -     Reduced shape: (2506, 50)
2025-06-17 17:24:17.420 | INFO     | __main__:run_dimensionality_analysis:166 -     Results: AUROC=0.692, AUPRC=0.305
2025-06-17 17:24:17.421 | INFO     | __main__:run_dimensionality_analysis:82 - 
==================================================
2025-06-17 17:24:17.421 | INFO     | __main__:run_dimensionality_analysis:83 - Processing task: lab_hyperkalemia
2025-06-17 17:24:17.421 | INFO     | __main__:run_dimensionality_analysis:84 - ==================================================
2025-06-17 17:24:18.357 | INFO     | __main__:run_dimensionality_analysis:90 - Loaded labeled patients for lab_hyperkalemia
2025-06-17 17:31:30.427 | INFO     | __main__:run_dimensionality_analysis:107 - 
Processing model: clmbr
2025-06-17 17:31:30.514 | INFO     | __main__:run_dimensionality_analysis:126 - Data shapes - Train: (76349, 768), Val: (60168, 768), Test: (63653, 768)
2025-06-17 17:31:30.515 | INFO     | __main__:run_dimensionality_analysis:127 - Label distribution - Train: 0.024, Val: 0.023, Test: 0.024
2025-06-17 17:31:30.543 | INFO     | __main__:run_dimensionality_analysis:134 - 
  Testing method: pca
2025-06-17 17:31:30.543 | INFO     | __main__:run_dimensionality_analysis:141 -     Reducing to 2 dimensions...
2025-06-17 17:31:30.544 | INFO     | reducers:fit_transform:43 - Applying PCA to reduce from 768 to 2 dimensions
2025-06-17 17:31:32.825 | INFO     | __main__:run_dimensionality_analysis:150 -     Reduced shape: (136517, 2)
2025-06-17 17:41:40.260 | INFO     | __main__:run_dimensionality_analysis:166 -     Results: AUROC=0.520, AUPRC=0.025
2025-06-17 17:41:40.262 | INFO     | __main__:run_dimensionality_analysis:141 -     Reducing to 5 dimensions...
2025-06-17 17:41:40.262 | INFO     | reducers:fit_transform:43 - Applying PCA to reduce from 768 to 5 dimensions
2025-06-17 17:41:42.850 | INFO     | __main__:run_dimensionality_analysis:150 -     Reduced shape: (136517, 5)
2025-06-17 17:51:58.310 | INFO     | __main__:run_dimensionality_analysis:166 -     Results: AUROC=0.545, AUPRC=0.028
2025-06-17 17:51:58.316 | INFO     | __main__:run_dimensionality_analysis:141 -     Reducing to 10 dimensions...
2025-06-17 17:51:58.316 | INFO     | reducers:fit_transform:43 - Applying PCA to reduce from 768 to 10 dimensions
2025-06-17 17:52:01.045 | INFO     | __main__:run_dimensionality_analysis:150 -     Reduced shape: (136517, 10)
2025-06-17 18:03:03.937 | INFO     | __main__:run_dimensionality_analysis:166 -     Results: AUROC=0.592, AUPRC=0.041
2025-06-17 18:03:03.940 | INFO     | __main__:run_dimensionality_analysis:141 -     Reducing to 25 dimensions...
2025-06-17 18:03:03.940 | INFO     | reducers:fit_transform:43 - Applying PCA to reduce from 768 to 25 dimensions
2025-06-17 18:03:07.668 | INFO     | __main__:run_dimensionality_analysis:150 -     Reduced shape: (136517, 25)
2025-06-17 18:17:18.004 | INFO     | __main__:run_dimensionality_analysis:166 -     Results: AUROC=0.646, AUPRC=0.084
2025-06-17 18:17:18.007 | INFO     | __main__:run_dimensionality_analysis:141 -     Reducing to 50 dimensions...
2025-06-17 18:17:18.007 | INFO     | reducers:fit_transform:43 - Applying PCA to reduce from 768 to 50 dimensions
2025-06-17 18:17:22.627 | INFO     | __main__:run_dimensionality_analysis:150 -     Reduced shape: (136517, 50)
2025-06-17 18:31:47.163 | INFO     | __main__:run_dimensionality_analysis:166 -     Results: AUROC=0.663, AUPRC=0.098
2025-06-17 18:31:47.167 | INFO     | __main__:run_dimensionality_analysis:134 - 
  Testing method: umap
2025-06-17 18:31:47.167 | INFO     | __main__:run_dimensionality_analysis:141 -     Reducing to 2 dimensions...
2025-06-17 18:31:47.167 | INFO     | reducers:fit_transform:109 - Applying UMAP to reduce from 768 to 2 dimensions
2025-06-17 18:31:47.167 | INFO     | reducers:fit_transform:110 - Using n_neighbors: 15
/home/pvenema/.conda/envs/EHRSHOT_ENV/lib/python3.10/site-packages/umap/umap_.py:1952: UserWarning: n_jobs value 1 overridden to 1 by setting random_state. Use no seed for parallelism.
  warn(
2025-06-17 18:33:43.701 | INFO     | __main__:run_dimensionality_analysis:150 -     Reduced shape: (136517, 2)
2025-06-17 18:42:10.196 | INFO     | __main__:run_dimensionality_analysis:166 -     Results: AUROC=0.562, AUPRC=0.032
2025-06-17 18:42:10.196 | INFO     | __main__:run_dimensionality_analysis:141 -     Reducing to 5 dimensions...
2025-06-17 18:42:10.536 | INFO     | reducers:fit_transform:109 - Applying UMAP to reduce from 768 to 5 dimensions
2025-06-17 18:42:10.536 | INFO     | reducers:fit_transform:110 - Using n_neighbors: 15
/home/pvenema/.conda/envs/EHRSHOT_ENV/lib/python3.10/site-packages/umap/umap_.py:1952: UserWarning: n_jobs value 1 overridden to 1 by setting random_state. Use no seed for parallelism.
  warn(
2025-06-17 18:44:19.730 | INFO     | __main__:run_dimensionality_analysis:150 -     Reduced shape: (136517, 5)
2025-06-17 18:52:57.548 | INFO     | __main__:run_dimensionality_analysis:166 -     Results: AUROC=0.609, AUPRC=0.052
2025-06-17 18:52:57.551 | INFO     | __main__:run_dimensionality_analysis:141 -     Reducing to 10 dimensions...
2025-06-17 18:52:57.886 | INFO     | reducers:fit_transform:109 - Applying UMAP to reduce from 768 to 10 dimensions
2025-06-17 18:52:57.886 | INFO     | reducers:fit_transform:110 - Using n_neighbors: 15
/home/pvenema/.conda/envs/EHRSHOT_ENV/lib/python3.10/site-packages/umap/umap_.py:1952: UserWarning: n_jobs value 1 overridden to 1 by setting random_state. Use no seed for parallelism.
  warn(
2025-06-17 18:55:30.945 | INFO     | __main__:run_dimensionality_analysis:150 -     Reduced shape: (136517, 10)
2025-06-17 19:04:11.552 | INFO     | __main__:run_dimensionality_analysis:166 -     Results: AUROC=0.609, AUPRC=0.053
2025-06-17 19:04:11.554 | INFO     | __main__:run_dimensionality_analysis:141 -     Reducing to 25 dimensions...
2025-06-17 19:04:11.887 | INFO     | reducers:fit_transform:109 - Applying UMAP to reduce from 768 to 25 dimensions
2025-06-17 19:04:11.887 | INFO     | reducers:fit_transform:110 - Using n_neighbors: 15
/home/pvenema/.conda/envs/EHRSHOT_ENV/lib/python3.10/site-packages/umap/umap_.py:1952: UserWarning: n_jobs value 1 overridden to 1 by setting random_state. Use no seed for parallelism.
  warn(
2025-06-17 19:08:08.265 | INFO     | __main__:run_dimensionality_analysis:150 -     Reduced shape: (136517, 25)
slurmstepd: error: *** JOB 12461076 ON tcn259 CANCELLED AT 2025-06-17T19:16:12 DUE TO TIME LIMIT ***
